◐ proj-ptp [● P0] [bug] - Fix login timeout
├── Status: in_progress
├── Priority: P0
├── Type: bug
├── Assignee: bob
├── Created: 2026-01-01
└── Updated: 2026-01-01

○ proj-170 [● P1] [feature] - Implement user auth
├── Status: open
├── Priority: P1
├── Type: feature
├── Assignee: alice
├── Created: 2026-01-01
└── Updated: 2026-01-01

○ proj-mta [● P1] [task] - Set up database schema
├── Status: open
├── Priority: P1
├── Type: task
├── Created: 2026-01-01
└── Updated: 2026-01-01

○ proj-b75 [● P2] [task] - Ünïcödé title — “quotes” & <tags> \ backslash
├── Status: open
├── Priority: P2
├── Type: task
├── Created: 2026-01-01
└── Updated: 2026-01-01

○ proj-uly [● P2] [epic] - Auth epic
├── Status: open
├── Priority: P2
├── Type: epic
├── Created: 2026-01-01
└── Updated: 2026-01-01

○ proj-5u2 [● P3] [docs] - Write API docs
├── Status: open
├── Priority: P3
├── Type: docs
├── Created: 2026-01-01
└── Updated: 2026-01-01

❄ proj-7vm [● P4] [chore] - Refactor config loader
├── Status: deferred
├── Priority: P4
├── Type: chore
├── Deferred Until: 2027-06-01
├── Created: 2026-01-01
└── Updated: 2026-01-01
