○ proj-00qm [● P2] [task] - Issue 889
○ proj-063l [● P2] [task] - Issue 776
○ proj-08p4 [● P2] [task] - Issue 487
○ proj-0ad [● P2] [task] - Issue 64
○ proj-0apg [● P2] [task] - Issue 875
○ proj-0coz [● P2] [task] - Issue 809
○ proj-0cw [● P2] [task] - Issue 112
○ proj-0dqf [● P2] [task] - Issue 184
○ proj-0fp7 [● P2] [task] - Issue 742
○ proj-0izz [● P2] [task] - Issue 688
○ proj-0ja1 [● P2] [task] - Issue 617
○ proj-0js9 [● P2] [task] - Issue 233
○ proj-0kk [● P2] [task] - Issue 62
○ proj-0lk [● P2] [task] - Issue 91
○ proj-0n35 [● P2] [task] - Issue 220
○ proj-0ndq [● P2] [task] - Issue 211
○ proj-0ook [● P2] [task] - Issue 851
○ proj-0p1e [● P2] [task] - Issue 852
○ proj-0p5 [● P2] [task] - Issue 68
○ proj-0rdh [● P2] [task] - Issue 828
○ proj-0tkl [● P2] [task] - Issue 738
○ proj-0ts5 [● P2] [task] - Issue 744
○ proj-0uwq [● P2] [task] - Issue 914
○ proj-0vh9 [● P2] [task] - Issue 195
○ proj-0w43 [● P2] [task] - Issue 402
○ proj-0xp [● P2] [task] - Issue 96
○ proj-106 [● P2] [task] - Issue 90
○ proj-12qh [● P2] [task] - Issue 424
○ proj-17we [● P2] [task] - Issue 240
○ proj-1awr [● P2] [task] - Issue 232
○ proj-1ezw [● P2] [task] - Issue 186
○ proj-1fsd [● P2] [task] - Issue 734
○ proj-1j2q [● P2] [task] - Issue 218
○ proj-1kd2 [● P2] [task] - Issue 632
○ proj-1ki4 [● P2] [task] - Issue 933
○ proj-1l6w [● P2] [task] - Issue 361
○ proj-1lce [● P2] [task] - Issue 533
○ proj-1nh5 [● P2] [task] - Issue 263
○ proj-1oxo [● P2] [task] - Issue 359
○ proj-1qxo [● P2] [task] - Issue 708
○ proj-1rvm [● P2] [task] - Issue 433
○ proj-1sh [● P2] [task] - Issue 29
○ proj-1u16 [● P2] [task] - Issue 379
○ proj-1v6 [● P2] [task] - Issue 120
○ proj-1wzf [● P2] [task] - Issue 905
○ proj-1x4s [● P2] [task] - Issue 523
○ proj-1zta [● P2] [task] - Issue 265
○ proj-23qh [● P2] [task] - Issue 338
○ proj-23t [● P2] [task] - Issue 51
○ proj-246o [● P2] [task] - Issue 784
○ proj-24l [● P2] [task] - Issue 130
○ proj-24n8 [● P2] [task] - Issue 565
○ proj-2587 [● P2] [task] - Issue 831
○ proj-263j [● P2] [task] - Issue 176
○ proj-27hl [● P2] [task] - Issue 810
○ proj-27x3 [● P2] [task] - Issue 412
○ proj-2808 [● P2] [task] - Issue 417
○ proj-29ph [● P2] [task] - Issue 223
○ proj-2dgb [● P2] [task] - Issue 465
○ proj-2dkw [● P2] [task] - Issue 257
○ proj-2fg5 [● P2] [task] - Issue 365
○ proj-2g8 [● P2] [task] - Issue 55
○ proj-2gp2 [● P2] [task] - Issue 698
○ proj-2h0j [● P2] [task] - Issue 428
○ proj-2hje [● P2] [task] - Issue 585
○ proj-2iro [● P2] [task] - Issue 919
○ proj-2j7 [● P2] [task] - Issue 152
○ proj-2k3 [● P2] [task] - Issue 119
○ proj-2kkb [● P2] [task] - Issue 324
○ proj-2lfv [● P2] [task] - Issue 486
○ proj-2lwc [● P2] [task] - Issue 518
○ proj-2mi [● P2] [task] - Issue 116
○ proj-2mtj [● P2] [task] - Issue 601
○ proj-2nqi [● P2] [task] - Issue 750
○ proj-2o4o [● P2] [task] - Issue 282
○ proj-2pen [● P2] [task] - Issue 747
○ proj-2r4s [● P2] [task] - Issue 270
○ proj-2tl7 [● P2] [task] - Issue 194
○ proj-2uh0 [● P2] [task] - Issue 723
○ proj-2vo0 [● P2] [task] - Issue 416
○ proj-2vqg [● P2] [task] - Issue 967
○ proj-2xo5 [● P2] [task] - Issue 455
○ proj-2yqg [● P2] [task] - Issue 260
○ proj-30a4 [● P2] [task] - Issue 608
○ proj-31o4 [● P2] [task] - Issue 208
○ proj-321p [● P2] [task] - Issue 446
○ proj-35u7 [● P2] [task] - Issue 560
○ proj-3737 [● P2] [task] - Issue 701
○ proj-38cu [● P2] [task] - Issue 177
○ proj-38s [● P2] [task] - Issue 2
○ proj-39o [● P2] [task] - Issue 131
○ proj-3a7e [● P2] [task] - Issue 407
○ proj-3di2 [● P2] [task] - Issue 606
○ proj-3dt8 [● P2] [task] - Issue 926
○ proj-3ebt [● P2] [task] - Issue 472
○ proj-3g60 [● P2] [task] - Issue 457
○ proj-3gc [● P2] [task] - Issue 140
○ proj-3h1x [● P2] [task] - Issue 755
○ proj-3htq [● P2] [task] - Issue 977
○ proj-3izj [● P2] [task] - Issue 350
○ proj-3m7 [● P2] [task] - Issue 141
○ proj-3mw2 [● P2] [task] - Issue 245
○ proj-3r1i [● P2] [task] - Issue 479
○ proj-3s3 [● P2] [task] - Issue 88
○ proj-3ul4 [● P2] [task] - Issue 266
○ proj-3ve5 [● P2] [task] - Issue 964
○ proj-3xdg [● P2] [task] - Issue 656
○ proj-3xkf [● P2] [task] - Issue 570
○ proj-3zq6 [● P2] [task] - Issue 531
○ proj-40gq [● P2] [task] - Issue 581
○ proj-40xp [● P2] [task] - Issue 639
○ proj-42c2 [● P2] [task] - Issue 464
○ proj-43u4 [● P2] [task] - Issue 297
○ proj-45dh [● P2] [task] - Issue 853
○ proj-45ss [● P2] [task] - Issue 775
○ proj-4755 [● P2] [task] - Issue 710
○ proj-48a3 [● P2] [task] - Issue 807
○ proj-4ai [● P2] [task] - Issue 83
○ proj-4cwq [● P2] [task] - Issue 357
○ proj-4cxu [● P2] [task] - Issue 971
○ proj-4cxv [● P2] [task] - Issue 848
○ proj-4d0f [● P2] [task] - Issue 526
○ proj-4ecm [● P2] [task] - Issue 169
○ proj-4fn [● P2] [task] - Issue 15
○ proj-4l7w [● P2] [task] - Issue 825
○ proj-4mkr [● P2] [task] - Issue 388
○ proj-4n4g [● P2] [task] - Issue 648
○ proj-4ndl [● P2] [task] - Issue 713
○ proj-4q1j [● P2] [task] - Issue 975
○ proj-4r2c [● P2] [task] - Issue 212
○ proj-4rgv [● P2] [task] - Issue 246
○ proj-4rsu [● P2] [task] - Issue 973
○ proj-4wl2 [● P2] [task] - Issue 722
○ proj-4wyc [● P2] [task] - Issue 646
○ proj-4xq6 [● P2] [task] - Issue 714
○ proj-4xt2 [● P2] [task] - Issue 684
○ proj-4zx3 [● P2] [task] - Issue 299
○ proj-50o [● P2] [task] - Issue 56
○ proj-51ws [● P2] [task] - Issue 317
○ proj-54l2 [● P2] [task] - Issue 657
○ proj-56u7 [● P2] [task] - Issue 590
○ proj-57mx [● P2] [task] - Issue 872
○ proj-57pc [● P2] [task] - Issue 879
○ proj-58hv [● P2] [task] - Issue 508
○ proj-5a2c [● P2] [task] - Issue 310
○ proj-5bew [● P2] [task] - Issue 372
○ proj-5bns [● P2] [task] - Issue 626
○ proj-5c3 [● P2] [task] - Issue 8
○ proj-5c9w [● P2] [task] - Issue 280
○ proj-5dho [● P2] [task] - Issue 771
○ proj-5e7v [● P2] [task] - Issue 899
○ proj-5e9 [● P2] [task] - Issue 48
○ proj-5f3c [● P2] [task] - Issue 356
○ proj-5ff8 [● P2] [task] - Issue 458
○ proj-5fse [● P2] [task] - Issue 172
○ proj-5g9p [● P2] [task] - Issue 874
○ proj-5i43 [● P2] [task] - Issue 275
○ proj-5ia9 [● P2] [task] - Issue 921
○ proj-5ih [● P2] [task] - Issue 158
○ proj-5in2 [● P2] [task] - Issue 303
○ proj-5ko [● P2] [task] - Issue 82
○ proj-5kwy [● P2] [task] - Issue 862
○ proj-5l3r [● P2] [task] - Issue 878
○ proj-5lxi [● P2] [task] - Issue 795
○ proj-5nrf [● P2] [task] - Issue 248
○ proj-5pyq [● P2] [task] - Issue 439
○ proj-5qqd [● P2] [task] - Issue 602
○ proj-5u7n [● P2] [task] - Issue 392
○ proj-5uqa [● P2] [task] - Issue 366
○ proj-5uu [● P2] [task] - Issue 87
○ proj-5vi9 [● P2] [task] - Issue 686
○ proj-5wg8 [● P2] [task] - Issue 339
○ proj-5wlh [● P2] [task] - Issue 213
○ proj-5yw3 [● P2] [task] - Issue 621
○ proj-60kn [● P2] [task] - Issue 187
○ proj-61n [● P2] [task] - Issue 135
○ proj-62s4 [● P2] [task] - Issue 808
○ proj-63og [● P2] [task] - Issue 298
○ proj-64dl [● P2] [task] - Issue 405
○ proj-65kf [● P2] [task] - Issue 785
○ proj-67mk [● P2] [task] - Issue 834
○ proj-67rh [● P2] [task] - Issue 814
○ proj-6aik [● P2] [task] - Issue 829
○ proj-6avk [● P2] [task] - Issue 855
○ proj-6biz [● P2] [task] - Issue 659
○ proj-6bz [● P2] [task] - Issue 17
○ proj-6c1 [● P2] [task] - Issue 153
○ proj-6f2 [● P2] [task] - Issue 125
○ proj-6gj6 [● P2] [task] - Issue 385
○ proj-6jp2 [● P2] [task] - Issue 567
○ proj-6k1 [● P2] [task] - Issue 92
○ proj-6lj1 [● P2] [task] - Issue 950
○ proj-6m2o [● P2] [task] - Issue 816
○ proj-6n1a [● P2] [task] - Issue 668
○ proj-6ni3 [● P2] [task] - Issue 225
○ proj-6qs [● P2] [task] - Issue 97
○ proj-6r6y [● P2] [task] - Issue 501
○ proj-6ryx [● P2] [task] - Issue 649
○ proj-6ssj [● P2] [task] - Issue 296
○ proj-6syt [● P2] [task] - Issue 605
○ proj-6v8t [● P2] [task] - Issue 274
○ proj-6y9z [● P2] [task] - Issue 413
○ proj-6yqd [● P2] [task] - Issue 760
○ proj-6zoa [● P2] [task] - Issue 670
○ proj-6zw [● P2] [task] - Issue 80
○ proj-700q [● P2] [task] - Issue 325
○ proj-706m [● P2] [task] - Issue 527
○ proj-71mo [● P2] [task] - Issue 521
○ proj-72j1 [● P2] [task] - Issue 389
○ proj-72ji [● P2] [task] - Issue 535
○ proj-74jl [● P2] [task] - Issue 456
○ proj-79eh [● P2] [task] - Issue 291
○ proj-7a27 [● P2] [task] - Issue 786
○ proj-7c2j [● P2] [task] - Issue 327
○ proj-7db2 [● P2] [task] - Issue 529
○ proj-7ds5 [● P2] [task] - Issue 968
○ proj-7i9v [● P2] [task] - Issue 789
○ proj-7kq8 [● P2] [task] - Issue 790
○ proj-7lk [● P2] [task] - Issue 63
○ proj-7mtl [● P2] [task] - Issue 953
○ proj-7p9z [● P2] [task] - Issue 716
○ proj-7qab [● P2] [task] - Issue 185
○ proj-7qmq [● P2] [task] - Issue 262
○ proj-7qpd [● P2] [task] - Issue 803
○ proj-7quc [● P2] [task] - Issue 970
○ proj-7udf [● P2] [task] - Issue 958
○ proj-7ujp [● P2] [task] - Issue 264
○ proj-7vpq [● P2] [task] - Issue 791
○ proj-7w09 [● P2] [task] - Issue 440
○ proj-7xcu [● P2] [task] - Issue 781
○ proj-7xk2 [● P2] [task] - Issue 497
○ proj-81q7 [● P2] [task] - Issue 972
○ proj-864r [● P2] [task] - Issue 589
○ proj-885w [● P2] [task] - Issue 540
○ proj-88kq [● P2] [task] - Issue 427
○ proj-89eq [● P2] [task] - Issue 725
○ proj-8e6x [● P2] [task] - Issue 940
○ proj-8f66 [● P2] [task] - Issue 311
○ proj-8fc [● P2] [task] - Issue 67
○ proj-8fxc [● P2] [task] - Issue 767
○ proj-8hjb [● P2] [task] - Issue 374
○ proj-8j5 [● P2] [task] - Issue 164
○ proj-8ksz [● P2] [task] - Issue 770
○ proj-8lhl [● P2] [task] - Issue 414
○ proj-8oi [● P2] [task] - Issue 57
○ proj-8rex [● P2] [task] - Issue 192
○ proj-8s7o [● P2] [task] - Issue 930
○ proj-8v2n [● P2] [task] - Issue 787
○ proj-8xak [● P2] [task] - Issue 492
○ proj-8zv6 [● P2] [task] - Issue 965
○ proj-90zo [● P2] [task] - Issue 772
○ proj-921g [● P2] [task] - Issue 579
○ proj-94c7 [● P2] [task] - Issue 170
○ proj-95r [● P2] [task] - Issue 71
○ proj-9a9f [● P2] [task] - Issue 792
○ proj-9avu [● P2] [task] - Issue 463
○ proj-9bf8 [● P2] [task] - Issue 438
○ proj-9ck8 [● P2] [task] - Issue 669
○ proj-9cu6 [● P2] [task] - Issue 171
○ proj-9d95 [● P2] [task] - Issue 459
○ proj-9e9 [● P2] [task] - Issue 111
○ proj-9glc [● P2] [task] - Issue 895
○ proj-9gyq [● P2] [task] - Issue 204
○ proj-9i7y [● P2] [task] - Issue 261
○ proj-9jmp [● P2] [task] - Issue 367
○ proj-9kiw [● P2] [task] - Issue 513
○ proj-9ohk [● P2] [task] - Issue 859
○ proj-9ozt [● P2] [task] - Issue 434
○ proj-9pdf [● P2] [task] - Issue 323
○ proj-9pfy [● P2] [task] - Issue 877
○ proj-9s1y [● P2] [task] - Issue 763
○ proj-9v43 [● P2] [task] - Issue 811
○ proj-9x6w [● P2] [task] - Issue 419
○ proj-a0tt [● P2] [task] - Issue 815
○ proj-a291 [● P2] [task] - Issue 883
○ proj-a4u0 [● P2] [task] - Issue 520
○ proj-a55 [● P2] [task] - Issue 85
○ proj-a7es [● P2] [task] - Issue 426
○ proj-a9kh [● P2] [task] - Issue 180
○ proj-aawk [● P2] [task] - Issue 976
○ proj-aevu [● P2] [task] - Issue 382
○ proj-afa9 [● P2] [task] - Issue 955
○ proj-aif [● P2] [task] - Issue 76
○ proj-ajsm [● P2] [task] - Issue 611
○ proj-all [● P2] [task] - Issue 84
○ proj-apnc [● P2] [task] - Issue 295
○ proj-are8 [● P2] [task] - Issue 556
○ proj-argo [● P2] [task] - Issue 344
○ proj-avvm [● P2] [task] - Issue 315
○ proj-avwp [● P2] [task] - Issue 400
○ proj-ay30 [● P2] [task] - Issue 839
○ proj-aznl [● P2] [task] - Issue 442
○ proj-b399 [● P2] [task] - Issue 409
○ proj-b3si [● P2] [task] - Issue 868
○ proj-b50j [● P2] [task] - Issue 836
○ proj-b7yy [● P2] [task] - Issue 340
○ proj-b8hr [● P2] [task] - Issue 799
○ proj-b9qs [● P2] [task] - Issue 630
○ proj-b9y [● P2] [task] - Issue 74
○ proj-bbtk [● P2] [task] - Issue 604
○ proj-bd6s [● P2] [task] - Issue 934
○ proj-bfc [● P2] [task] - Issue 129
○ proj-bfdg [● P2] [task] - Issue 578
○ proj-bh4s [● P2] [task] - Issue 623
○ proj-bhs7 [● P2] [task] - Issue 694
○ proj-bi0 [● P2] [task] - Issue 14
○ proj-bifr [● P2] [task] - Issue 757
○ proj-bj19 [● P2] [task] - Issue 239
○ proj-bjjk [● P2] [task] - Issue 352
○ proj-bk4h [● P2] [task] - Issue 226
○ proj-bk5h [● P2] [task] - Issue 237
○ proj-bllu [● P2] [task] - Issue 887
○ proj-bm3 [● P2] [task] - Issue 19
○ proj-bo9o [● P2] [task] - Issue 544
○ proj-bon1 [● P2] [task] - Issue 943
○ proj-bqjd [● P2] [task] - Issue 888
○ proj-bre1 [● P2] [task] - Issue 963
○ proj-bsd [● P2] [task] - Issue 72
○ proj-bts [● P2] [task] - Issue 54
○ proj-btyq [● P2] [task] - Issue 653
○ proj-buqd [● P2] [task] - Issue 846
○ proj-bxbp [● P2] [task] - Issue 363
○ proj-bz1 [● P2] [task] - Issue 104
○ proj-bzr [● P2] [task] - Issue 150
○ proj-c1pm [● P2] [task] - Issue 364
○ proj-c47 [● P2] [task] - Issue 136
○ proj-c4q [● P2] [task] - Issue 78
○ proj-c4x [● P2] [task] - Issue 39
○ proj-c68 [● P2] [task] - Issue 155
○ proj-c69w [● P2] [task] - Issue 377
○ proj-c766 [● P2] [task] - Issue 519
○ proj-c8ls [● P2] [task] - Issue 948
○ proj-c8yp [● P2] [task] - Issue 923
○ proj-cayk [● P2] [task] - Issue 571
○ proj-cbgi [● P2] [task] - Issue 793
○ proj-cgkp [● P2] [task] - Issue 818
○ proj-cgza [● P2] [task] - Issue 189
○ proj-cie5 [● P2] [task] - Issue 168
○ proj-cjx2 [● P2] [task] - Issue 949
○ proj-cjy [● P2] [task] - Issue 58
○ proj-ck6x [● P2] [task] - Issue 199
○ proj-ckfw [● P2] [task] - Issue 386
○ proj-cl7 [● P2] [task] - Issue 137
○ proj-copn [● P2] [task] - Issue 625
○ proj-cpa1 [● P2] [task] - Issue 188
○ proj-cqla [● P2] [task] - Issue 370
○ proj-cr7w [● P2] [task] - Issue 337
○ proj-crts [● P2] [task] - Issue 801
○ proj-ct45 [● P2] [task] - Issue 915
○ proj-cuc8 [● P2] [task] - Issue 962
○ proj-cznv [● P2] [task] - Issue 893
○ proj-d05w [● P2] [task] - Issue 268
○ proj-d0kr [● P2] [task] - Issue 980
○ proj-d2av [● P2] [task] - Issue 737
○ proj-d3i2 [● P2] [task] - Issue 841
○ proj-d5ve [● P2] [task] - Issue 353
○ proj-d707 [● P2] [task] - Issue 858
○ proj-d7h [● P2] [task] - Issue 143
○ proj-d9s8 [● P2] [task] - Issue 731
○ proj-dak9 [● P2] [task] - Issue 193
○ proj-degg [● P2] [task] - Issue 637
○ proj-dh61 [● P2] [task] - Issue 580
○ proj-dha5 [● P2] [task] - Issue 549
○ proj-dhlt [● P2] [task] - Issue 447
○ proj-djoe [● P2] [task] - Issue 393
○ proj-djsz [● P2] [task] - Issue 444
○ proj-dkih [● P2] [task] - Issue 371
○ proj-dkm8 [● P2] [task] - Issue 631
○ proj-dm9f [● P2] [task] - Issue 782
○ proj-dnbx [● P2] [task] - Issue 886
○ proj-dnv5 [● P2] [task] - Issue 843
○ proj-dql [● P2] [task] - Issue 75
○ proj-ds19 [● P2] [task] - Issue 911
○ proj-ds6j [● P2] [task] - Issue 616
○ proj-dvpg [● P2] [task] - Issue 598
○ proj-dxk [● P2] [task] - Issue 50
○ proj-e041 [● P2] [task] - Issue 322
○ proj-e10v [● P2] [task] - Issue 712
○ proj-e3je [● P2] [task] - Issue 258
○ proj-e4uj [● P2] [task] - Issue 314
○ proj-e5d [● P2] [task] - Issue 86
○ proj-e6ko [● P2] [task] - Issue 779
○ proj-e6r [● P2] [task] - Issue 101
○ proj-e82d [● P2] [task] - Issue 777
○ proj-e8uw [● P2] [task] - Issue 969
○ proj-e9a3 [● P2] [task] - Issue 568
○ proj-earb [● P2] [task] - Issue 354
○ proj-eiiq [● P2] [task] - Issue 682
○ proj-eimq [● P2] [task] - Issue 681
○ proj-elf8 [● P2] [task] - Issue 612
○ proj-em8e [● P2] [task] - Issue 525
○ proj-emhs [● P2] [task] - Issue 840
○ proj-emsn [● P2] [task] - Issue 861
○ proj-enpd [● P2] [task] - Issue 506
○ proj-eotb [● P2] [task] - Issue 583
○ proj-epd1 [● P2] [task] - Issue 673
○ proj-epk7 [● P2] [task] - Issue 817
○ proj-eql [● P2] [task] - Issue 93
○ proj-er33 [● P2] [task] - Issue 191
○ proj-erwi [● P2] [task] - Issue 937
○ proj-eu6 [● P2] [task] - Issue 23
○ proj-eux [● P2] [task] - Issue 59
○ proj-ew1b [● P2] [task] - Issue 835
○ proj-exb0 [● P2] [task] - Issue 217
○ proj-eytn [● P2] [task] - Issue 430
○ proj-ez1k [● P2] [task] - Issue 736
○ proj-f0cg [● P2] [task] - Issue 251
○ proj-f2i4 [● P2] [task] - Issue 663
○ proj-f4ks [● P2] [task] - Issue 346
○ proj-f82l [● P2] [task] - Issue 802
○ proj-f9o9 [● P2] [task] - Issue 515
○ proj-fbg8 [● P2] [task] - Issue 504
○ proj-fc1m [● P2] [task] - Issue 229
○ proj-ff6 [● P2] [task] - Issue 9
○ proj-fgut [● P2] [task] - Issue 247
○ proj-fh4o [● P2] [task] - Issue 398
○ proj-fkhf [● P2] [task] - Issue 575
○ proj-fkzw [● P2] [task] - Issue 941
○ proj-fl6u [● P2] [task] - Issue 749
○ proj-fo3l [● P2] [task] - Issue 640
○ proj-fp4 [● P2] [task] - Issue 127
○ proj-fp9a [● P2] [task] - Issue 512
○ proj-fpd1 [● P2] [task] - Issue 537
○ proj-fr6g [● P2] [task] - Issue 650
○ proj-ftrc [● P2] [task] - Issue 910
○ proj-fuj5 [● P2] [task] - Issue 378
○ proj-fyax [● P2] [task] - Issue 351
○ proj-g0co [● P2] [task] - Issue 981
○ proj-g112 [● P2] [task] - Issue 207
○ proj-g2gj [● P2] [task] - Issue 676
○ proj-g5h [● P2] [task] - Issue 149
○ proj-g7w6 [● P2] [task] - Issue 966
○ proj-g898 [● P2] [task] - Issue 342
○ proj-gahh [● P2] [task] - Issue 783
○ proj-gaqj [● P2] [task] - Issue 259
○ proj-gbqb [● P2] [task] - Issue 690
○ proj-gd2f [● P2] [task] - Issue 249
○ proj-get [● P2] [task] - Issue 145
○ proj-gh3f [● P2] [task] - Issue 758
○ proj-gheg [● P2] [task] - Issue 882
○ proj-gi5r [● P2] [task] - Issue 794
○ proj-giwr [● P2] [task] - Issue 179
○ proj-gli [● P2] [task] - Issue 4
○ proj-gls [● P2] [task] - Issue 121
○ proj-gm9f [● P2] [task] - Issue 376
○ proj-gnxd [● P2] [task] - Issue 707
○ proj-gq6l [● P2] [task] - Issue 644
○ proj-gq7h [● P2] [task] - Issue 510
○ proj-grxy [● P2] [task] - Issue 865
○ proj-gsor [● P2] [task] - Issue 672
○ proj-gw02 [● P2] [task] - Issue 857
○ proj-gxk2 [● P2] [task] - Issue 293
○ proj-gy5c [● P2] [task] - Issue 498
○ proj-h00 [● P2] [task] - Issue 162
○ proj-h0zr [● P2] [task] - Issue 480
○ proj-h3jv [● P2] [task] - Issue 838
○ proj-h44v [● P2] [task] - Issue 735
○ proj-h5ok [● P2] [task] - Issue 812
○ proj-h5vp [● P2] [task] - Issue 493
○ proj-h72y [● P2] [task] - Issue 705
○ proj-h8l [● P2] [task] - Issue 41
○ proj-h90q [● P2] [task] - Issue 741
○ proj-h94 [● P2] [task] - Issue 89
○ proj-ha1j [● P2] [task] - Issue 181
○ proj-hc8 [● P2] [task] - Issue 32
○ proj-hcbw [● P2] [task] - Issue 675
○ proj-hfyh [● P2] [task] - Issue 471
○ proj-hg40 [● P2] [task] - Issue 823
○ proj-hiuq [● P2] [task] - Issue 228
○ proj-hkzr [● P2] [task] - Issue 704
○ proj-hn0i [● P2] [task] - Issue 178
○ proj-ho94 [● P2] [task] - Issue 473
○ proj-hpcf [● P2] [task] - Issue 183
○ proj-hsnc [● P2] [task] - Issue 165
○ proj-ht4i [● P2] [task] - Issue 269
○ proj-hvo8 [● P2] [task] - Issue 380
○ proj-hvr7 [● P2] [task] - Issue 680
○ proj-hvyz [● P2] [task] - Issue 528
○ proj-hxrq [● P2] [task] - Issue 912
○ proj-hxs3 [● P2] [task] - Issue 665
○ proj-i18a [● P2] [task] - Issue 850
○ proj-i3sh [● P2] [task] - Issue 856
○ proj-i3t [● P2] [task] - Issue 52
○ proj-i553 [● P2] [task] - Issue 778
○ proj-i5hr [● P2] [task] - Issue 691
○ proj-i6fl [● P2] [task] - Issue 805
○ proj-i70i [● P2] [task] - Issue 916
○ proj-i8o [● P2] [task] - Issue 61
○ proj-iap [● P2] [task] - Issue 138
○ proj-iez [● P2] [task] - Issue 13
○ proj-iffn [● P2] [task] - Issue 539
○ proj-igmz [● P2] [task] - Issue 634
○ proj-ijcx [● P2] [task] - Issue 399
○ proj-ikvy [● P2] [task] - Issue 368
○ proj-isiy [● P2] [task] - Issue 500
○ proj-iwjg [● P2] [task] - Issue 938
○ proj-ixft [● P2] [task] - Issue 609
○ proj-iypc [● P2] [task] - Issue 638
○ proj-iyya [● P2] [task] - Issue 461
○ proj-j0ub [● P2] [task] - Issue 345
○ proj-j1ba [● P2] [task] - Issue 661
○ proj-j4hx [● P2] [task] - Issue 484
○ proj-jbko [● P2] [task] - Issue 403
○ proj-jcb0 [● P2] [task] - Issue 898
○ proj-jcsi [● P2] [task] - Issue 491
○ proj-jdq2 [● P2] [task] - Issue 328
○ proj-jdz3 [● P2] [task] - Issue 384
○ proj-je6 [● P2] [task] - Issue 109
○ proj-jeug [● P2] [task] - Issue 927
○ proj-jg7 [● P2] [task] - Issue 37
○ proj-jgp4 [● P2] [task] - Issue 421
○ proj-jh1 [● P2] [task] - Issue 73
○ proj-jhb4 [● P2] [task] - Issue 907
○ proj-jheb [● P2] [task] - Issue 227
○ proj-jheo [● P2] [task] - Issue 643
○ proj-jj83 [● P2] [task] - Issue 769
○ proj-jjly [● P2] [task] - Issue 287
○ proj-jk31 [● P2] [task] - Issue 622
○ proj-jknc [● P2] [task] - Issue 312
○ proj-jkns [● P2] [task] - Issue 395
○ proj-jks [● P2] [task] - Issue 43
○ proj-jluy [● P2] [task] - Issue 224
○ proj-jo3 [● P2] [task] - Issue 99
○ proj-jonk [● P2] [task] - Issue 302
○ proj-jq4x [● P2] [task] - Issue 319
○ proj-jrcb [● P2] [task] - Issue 651
○ proj-js3e [● P2] [task] - Issue 475
○ proj-jsru [● P2] [task] - Issue 920
○ proj-jtup [● P2] [task] - Issue 636
○ proj-ju2a [● P2] [task] - Issue 804
○ proj-jvku [● P2] [task] - Issue 847
○ proj-jvu8 [● P2] [task] - Issue 522
○ proj-jw3a [● P2] [task] - Issue 360
○ proj-jwz0 [● P2] [task] - Issue 333
○ proj-jxz4 [● P2] [task] - Issue 603
○ proj-k120 [● P2] [task] - Issue 450
○ proj-k82m [● P2] [task] - Issue 671
○ proj-k8ww [● P2] [task] - Issue 833
○ proj-k9x9 [● P2] [task] - Issue 596
○ proj-kaqt [● P2] [task] - Issue 432
○ proj-kb08 [● P2] [task] - Issue 507
○ proj-kb1 [● P2] [task] - Issue 115
○ proj-kb7g [● P2] [task] - Issue 404
○ proj-kg7 [● P2] [task] - Issue 7
○ proj-kgb2 [● P2] [task] - Issue 174
○ proj-kgor [● P2] [task] - Issue 827
○ proj-kgsv [● P2] [task] - Issue 800
○ proj-kkg [● P2] [task] - Issue 70
○ proj-kkj7 [● P2] [task] - Issue 854
○ proj-kohj [● P2] [task] - Issue 256
○ proj-kosb [● P2] [task] - Issue 358
○ proj-kpe [● P2] [task] - Issue 163
○ proj-ks0o [● P2] [task] - Issue 745
○ proj-kv85 [● P2] [task] - Issue 488
○ proj-kvpm [● P2] [task] - Issue 391
○ proj-kvq4 [● P2] [task] - Issue 693
○ proj-kwgp [● P2] [task] - Issue 494
○ proj-kwk4 [● P2] [task] - Issue 420
○ proj-kx0u [● P2] [task] - Issue 906
○ proj-kyh4 [● P2] [task] - Issue 503
○ proj-l0is [● P2] [task] - Issue 422
○ proj-l16k [● P2] [task] - Issue 679
○ proj-l3wj [● P2] [task] - Issue 929
○ proj-l4b7 [● P2] [task] - Issue 202
○ proj-l6sr [● P2] [task] - Issue 559
○ proj-l7xx [● P2] [task] - Issue 555
○ proj-lalf [● P2] [task] - Issue 924
○ proj-lc2l [● P2] [task] - Issue 729
○ proj-ldf [● P2] [task] - Issue 47
○ proj-leoa [● P2] [task] - Issue 641
○ proj-lesj [● P2] [task] - Issue 347
○ proj-levo [● P2] [task] - Issue 425
○ proj-lgxb [● P2] [task] - Issue 956
○ proj-lhr [● P2] [task] - Issue 161
○ proj-lipp [● P2] [task] - Issue 284
○ proj-llav [● P2] [task] - Issue 700
○ proj-llis [● P2] [task] - Issue 832
○ proj-lnk2 [● P2] [task] - Issue 983
○ proj-lnpn [● P2] [task] - Issue 869
○ proj-ly91 [● P2] [task] - Issue 873
○ proj-m0p5 [● P2] [task] - Issue 761
○ proj-m0y [● P2] [task] - Issue 103
○ proj-m1d [● P2] [task] - Issue 53
○ proj-m22 [● P2] [task] - Issue 40
○ proj-m240 [● P2] [task] - Issue 614
○ proj-m5yt [● P2] [task] - Issue 238
○ proj-m6io [● P2] [task] - Issue 547
○ proj-m72 [● P2] [task] - Issue 46
○ proj-m8ep [● P2] [task] - Issue 541
○ proj-m8kx [● P2] [task] - Issue 751
○ proj-mche [● P2] [task] - Issue 476
○ proj-mdiy [● P2] [task] - Issue 272
○ proj-mdqz [● P2] [task] - Issue 842
○ proj-mf05 [● P2] [task] - Issue 959
○ proj-mg2 [● P2] [task] - Issue 148
○ proj-mis2 [● P2] [task] - Issue 241
○ proj-moyx [● P2] [task] - Issue 502
○ proj-mp7 [● P2] [task] - Issue 113
○ proj-mpz [● P2] [task] - Issue 160
○ proj-mqja [● P2] [task] - Issue 468
○ proj-mx1 [● P2] [task] - Issue 100
○ proj-n46e [● P2] [task] - Issue 619
○ proj-n4j8 [● P2] [task] - Issue 727
○ proj-n4o [● P2] [task] - Issue 114
○ proj-n4sg [● P2] [task] - Issue 595
○ proj-n5jl [● P2] [task] - Issue 201
○ proj-n600 [● P2] [task] - Issue 692
○ proj-n6g [● P2] [task] - Issue 21
○ proj-n726 [● P2] [task] - Issue 721
○ proj-n98q [● P2] [task] - Issue 331
○ proj-n9eo [● P2] [task] - Issue 945
○ proj-nbfj [● P2] [task] - Issue 294
○ proj-nbxi [● P2] [task] - Issue 909
○ proj-nfpf [● P2] [task] - Issue 222
○ proj-nfs [● P2] [task] - Issue 42
○ proj-nfwt [● P2] [task] - Issue 516
○ proj-nhaj [● P2] [task] - Issue 892
○ proj-nhlg [● P2] [task] - Issue 820
○ proj-ni0z [● P2] [task] - Issue 451
○ proj-nkqs [● P2] [task] - Issue 932
○ proj-nmhj [● P2] [task] - Issue 292
○ proj-nmxb [● P2] [task] - Issue 732
○ proj-nnre [● P2] [task] - Issue 300
○ proj-npw [● P2] [task] - Issue 151
○ proj-nqz2 [● P2] [task] - Issue 244
○ proj-nr2z [● P2] [task] - Issue 546
○ proj-nrkd [● P2] [task] - Issue 813
○ proj-nrv [● P2] [task] - Issue 95
○ proj-nsg [● P2] [task] - Issue 156
○ proj-nsng [● P2] [task] - Issue 642
○ proj-nszb [● P2] [task] - Issue 175
○ proj-nt1z [● P2] [task] - Issue 343
○ proj-nt7e [● P2] [task] - Issue 290
○ proj-nwb3 [● P2] [task] - Issue 482
○ proj-nxbt [● P2] [task] - Issue 764
○ proj-o0ae [● P2] [task] - Issue 830
○ proj-o1ci [● P2] [task] - Issue 768
○ proj-o21j [● P2] [task] - Issue 917
○ proj-o3by [● P2] [task] - Issue 511
○ proj-o50q [● P2] [task] - Issue 394
○ proj-o59e [● P2] [task] - Issue 250
○ proj-o7vv [● P2] [task] - Issue 355
○ proj-o9dr [● P2] [task] - Issue 552
○ proj-oa3v [● P2] [task] - Issue 922
○ proj-oav2 [● P2] [task] - Issue 558
○ proj-obin [● P2] [task] - Issue 678
○ proj-odg [● P2] [task] - Issue 22
○ proj-odkj [● P2] [task] - Issue 702
○ proj-oe1c [● P2] [task] - Issue 210
○ proj-oexz [● P2] [task] - Issue 554
○ proj-ogtm [● P2] [task] - Issue 582
○ proj-ohl [● P2] [task] - Issue 30
○ proj-oi1f [● P2] [task] - Issue 908
○ proj-oidr [● P2] [task] - Issue 230
○ proj-oly5 [● P2] [task] - Issue 517
○ proj-oo7b [● P2] [task] - Issue 610
○ proj-ope5 [● P2] [task] - Issue 477
○ proj-orl0 [● P2] [task] - Issue 978
○ proj-os97 [● P2] [task] - Issue 824
○ proj-ouxu [● P2] [task] - Issue 182
○ proj-oxjo [● P2] [task] - Issue 562
○ proj-oy1d [● P2] [task] - Issue 396
○ proj-ozmd [● P2] [task] - Issue 666
○ proj-p2gb [● P2] [task] - Issue 876
○ proj-p2w4 [● P2] [task] - Issue 285
○ proj-p2zv [● P2] [task] - Issue 485
○ proj-p35i [● P2] [task] - Issue 553
○ proj-p50m [● P2] [task] - Issue 235
○ proj-p7m9 [● P2] [task] - Issue 301
○ proj-p8lc [● P2] [task] - Issue 219
○ proj-p8y [● P2] [task] - Issue 65
○ proj-p9lm [● P2] [task] - Issue 481
○ proj-p9vj [● P2] [task] - Issue 335
○ proj-pars [● P2] [task] - Issue 677
○ proj-pbih [● P2] [task] - Issue 308
○ proj-pdkw [● P2] [task] - Issue 796
○ proj-pdww [● P2] [task] - Issue 743
○ proj-ph6 [● P2] [task] - Issue 124
○ proj-phfg [● P2] [task] - Issue 645
○ proj-pjsa [● P2] [task] - Issue 253
○ proj-pjx4 [● P2] [task] - Issue 572
○ proj-po7m [● P2] [task] - Issue 536
○ proj-po8a [● P2] [task] - Issue 766
○ proj-pp5 [● P2] [task] - Issue 27
○ proj-pqhn [● P2] [task] - Issue 203
○ proj-pqz5 [● P2] [task] - Issue 984
○ proj-prd2 [● P2] [task] - Issue 780
○ proj-psk3 [● P2] [task] - Issue 946
○ proj-pukk [● P2] [task] - Issue 401
○ proj-pwl [● P2] [task] - Issue 79
○ proj-pysk [● P2] [task] - Issue 867
○ proj-pz7 [● P2] [task] - Issue 108
○ proj-pzk4 [● P2] [task] - Issue 375
○ proj-q23c [● P2] [task] - Issue 453
○ proj-q2e6 [● P2] [task] - Issue 960
○ proj-q4fy [● P2] [task] - Issue 197
○ proj-q4m0 [● P2] [task] - Issue 900
○ proj-q6an [● P2] [task] - Issue 460
○ proj-q6ko [● P2] [task] - Issue 234
○ proj-qcdn [● P2] [task] - Issue 826
○ proj-qe2e [● P2] [task] - Issue 214
○ proj-qg5j [● P2] [task] - Issue 336
○ proj-qhyb [● P2] [task] - Issue 206
○ proj-qk7 [● P2] [task] - Issue 36
○ proj-qkgf [● P2] [task] - Issue 277
○ proj-qlgl [● P2] [task] - Issue 215
○ proj-qlkz [● P2] [task] - Issue 739
○ proj-qlmf [● P2] [task] - Issue 806
○ proj-qlp [● P2] [task] - Issue 35
○ proj-qof0 [● P2] [task] - Issue 390
○ proj-qomi [● P2] [task] - Issue 897
○ proj-qpfp [● P2] [task] - Issue 746
○ proj-qrfh [● P2] [task] - Issue 369
○ proj-qrrv [● P2] [task] - Issue 664
○ proj-qs19 [● P2] [task] - Issue 326
○ proj-qtx [● P2] [task] - Issue 157
○ proj-qva [● P2] [task] - Issue 154
○ proj-qvsf [● P2] [task] - Issue 307
○ proj-qz6k [● P2] [task] - Issue 881
○ proj-qz8y [● P2] [task] - Issue 309
○ proj-qz9w [● P2] [task] - Issue 870
○ proj-qzpx [● P2] [task] - Issue 242
○ proj-r0y5 [● P2] [task] - Issue 753
○ proj-r5d [● P2] [task] - Issue 105
○ proj-r8au [● P2] [task] - Issue 373
○ proj-r9ed [● P2] [task] - Issue 662
○ proj-r9fv [● P2] [task] - Issue 255
○ proj-r9rz [● P2] [task] - Issue 901
○ proj-rboe [● P2] [task] - Issue 557
○ proj-rbs [● P2] [task] - Issue 146
○ proj-rc3z [● P2] [task] - Issue 236
○ proj-rco [● P2] [task] - Issue 18
○ proj-rdft [● P2] [task] - Issue 362
○ proj-retw [● P2] [task] - Issue 765
○ proj-rg24 [● P2] [task] - Issue 190
○ proj-rhx [● P2] [task] - Issue 33
○ proj-rn3d [● P2] [task] - Issue 408
○ proj-rnm [● P2] [task] - Issue 20
○ proj-rpnk [● P2] [task] - Issue 551
○ proj-rpz5 [● P2] [task] - Issue 173
○ proj-rs90 [● P2] [task] - Issue 576
○ proj-rt3u [● P2] [task] - Issue 548
○ proj-rwxc [● P2] [task] - Issue 200
○ proj-rxbz [● P2] [task] - Issue 306
○ proj-rxrh [● P2] [task] - Issue 490
○ proj-rzsn [● P2] [task] - Issue 231
○ proj-rzz [● P2] [task] - Issue 69
○ proj-s2yl [● P2] [task] - Issue 474
○ proj-s3it [● P2] [task] - Issue 931
○ proj-s59u [● P2] [task] - Issue 902
○ proj-s960 [● P2] [task] - Issue 196
○ proj-s9l2 [● P2] [task] - Issue 647
○ proj-saap [● P2] [task] - Issue 534
○ proj-sb6r [● P2] [task] - Issue 411
○ proj-sbgn [● P2] [task] - Issue 697
○ proj-scyr [● P2] [task] - Issue 276
○ proj-sfi3 [● P2] [task] - Issue 348
○ proj-sfp3 [● P2] [task] - Issue 313
○ proj-siz1 [● P2] [task] - Issue 167
○ proj-sjpk [● P2] [task] - Issue 754
○ proj-sm52 [● P2] [task] - Issue 925
○ proj-sqlg [● P2] [task] - Issue 942
○ proj-sqr [● P2] [task] - Issue 31
○ proj-sryx [● P2] [task] - Issue 600
○ proj-sswy [● P2] [task] - Issue 618
○ proj-st2o [● P2] [task] - Issue 496
○ proj-suvz [● P2] [task] - Issue 884
○ proj-suw [● P2] [task] - Issue 6
○ proj-sv1 [● P2] [task] - Issue 132
○ proj-t1n4 [● P2] [task] - Issue 719
○ proj-t2m2 [● P2] [task] - Issue 774
○ proj-t38 [● P2] [task] - Issue 107
○ proj-t4cb [● P2] [task] - Issue 281
○ proj-t6fe [● P2] [task] - Issue 469
○ proj-t96i [● P2] [task] - Issue 514
○ proj-t9me [● P2] [task] - Issue 561
○ proj-tau2 [● P2] [task] - Issue 667
○ proj-tb2h [● P2] [task] - Issue 822
○ proj-tgc4 [● P2] [task] - Issue 918
○ proj-ti0l [● P2] [task] - Issue 788
○ proj-tlip [● P2] [task] - Issue 593
○ proj-tlrc [● P2] [task] - Issue 724
○ proj-tma [● P2] [task] - Issue 102
○ proj-toj8 [● P2] [task] - Issue 599
○ proj-tp7e [● P2] [task] - Issue 550
○ proj-tpv5 [● P2] [task] - Issue 341
○ proj-tqkb [● P2] [task] - Issue 961
○ proj-tr2f [● P2] [task] - Issue 947
○ proj-trxw [● P2] [task] - Issue 797
○ proj-tu4v [● P2] [task] - Issue 894
○ proj-tujt [● P2] [task] - Issue 448
○ proj-tvcz [● P2] [task] - Issue 613
○ proj-twb [● P2] [task] - Issue 118
○ proj-tz94 [● P2] [task] - Issue 462
○ proj-u0p [● P2] [task] - Issue 38
○ proj-u0wk [● P2] [task] - Issue 577
○ proj-u20v [● P2] [task] - Issue 954
○ proj-u33d [● P2] [task] - Issue 890
○ proj-u465 [● P2] [task] - Issue 329
○ proj-u4gt [● P2] [task] - Issue 654
○ proj-u54b [● P2] [task] - Issue 466
○ proj-u5hv [● P2] [task] - Issue 489
○ proj-u5uw [● P2] [task] - Issue 819
○ proj-u63 [● P2] [task] - Issue 28
○ proj-u939 [● P2] [task] - Issue 696
○ proj-u9q [● P2] [task] - Issue 44
○ proj-uare [● P2] [task] - Issue 530
○ proj-ubz [● P2] [task] - Issue 12
○ proj-ueom [● P2] [task] - Issue 952
○ proj-uff [● P2] [task] - Issue 117
○ proj-ug0 [● P2] [task] - Issue 98
○ proj-ugg3 [● P2] [task] - Issue 683
○ proj-ugrk [● P2] [task] - Issue 607
○ proj-ugyl [● P2] [task] - Issue 435
○ proj-ui24 [● P2] [task] - Issue 406
○ proj-ui68 [● P2] [task] - Issue 748
○ proj-ujlk [● P2] [task] - Issue 289
○ proj-uknw [● P2] [task] - Issue 278
○ proj-ukzo [● P2] [task] - Issue 798
○ proj-umdn [● P2] [task] - Issue 594
○ proj-umh [● P2] [task] - Issue 134
○ proj-unj [● P2] [task] - Issue 60
○ proj-uoe9 [● P2] [task] - Issue 633
○ proj-uq4 [● P2] [task] - Issue 77
○ proj-urn8 [● P2] [task] - Issue 349
○ proj-utt7 [● P2] [task] - Issue 982
○ proj-uvo [● P2] [task] - Issue 25
○ proj-uy74 [● P2] [task] - Issue 624
○ proj-uz5c [● P2] [task] - Issue 198
○ proj-uzki [● P2] [task] - Issue 334
○ proj-v0iw [● P2] [task] - Issue 166
○ proj-v1ng [● P2] [task] - Issue 756
○ proj-v260 [● P2] [task] - Issue 283
○ proj-v4k [● P2] [task] - Issue 16
○ proj-v4ty [● P2] [task] - Issue 709
○ proj-v6if [● P2] [task] - Issue 928
○ proj-v7sh [● P2] [task] - Issue 273
○ proj-v9au [● P2] [task] - Issue 597
○ proj-vc9w [● P2] [task] - Issue 383
○ proj-vdmp [● P2] [task] - Issue 629
○ proj-ve72 [● P2] [task] - Issue 935
○ proj-vfq8 [● P2] [task] - Issue 320
○ proj-vguh [● P2] [task] - Issue 726
○ proj-vhgw [● P2] [task] - Issue 706
○ proj-vig7 [● P2] [task] - Issue 979
○ proj-vjpj [● P2] [task] - Issue 718
○ proj-vkkn [● P2] [task] - Issue 592
○ proj-vkur [● P2] [task] - Issue 509
○ proj-vm78 [● P2] [task] - Issue 441
○ proj-vmst [● P2] [task] - Issue 569
○ proj-vnv4 [● P2] [task] - Issue 545
○ proj-voco [● P2] [task] - Issue 584
○ proj-vrn [● P2] [task] - Issue 128
○ proj-vsi3 [● P2] [task] - Issue 711
○ proj-vsk [● P2] [task] - Issue 159
○ proj-vtqe [● P2] [task] - Issue 821
○ proj-vuou [● P2] [task] - Issue 286
○ proj-vyaa [● P2] [task] - Issue 470
○ proj-vz5e [● P2] [task] - Issue 532
○ proj-vz9w [● P2] [task] - Issue 542
○ proj-w0ko [● P2] [task] - Issue 730
○ proj-w2g4 [● P2] [task] - Issue 574
○ proj-w2yl [● P2] [task] - Issue 658
○ proj-w3bb [● P2] [task] - Issue 586
○ proj-w4wx [● P2] [task] - Issue 216
○ proj-w52 [● P2] [task] - Issue 45
○ proj-w70f [● P2] [task] - Issue 837
○ proj-w87 [● P2] [task] - Issue 66
○ proj-wda8 [● P2] [task] - Issue 720
○ proj-wev3 [● P2] [task] - Issue 495
○ proj-wf4e [● P2] [task] - Issue 951
○ proj-wg4a [● P2] [task] - Issue 615
○ proj-wg6j [● P2] [task] - Issue 423
○ proj-whd4 [● P2] [task] - Issue 880
○ proj-whzd [● P2] [task] - Issue 885
○ proj-widh [● P2] [task] - Issue 478
○ proj-wilr [● P2] [task] - Issue 864
○ proj-wir6 [● P2] [task] - Issue 896
○ proj-wjyj [● P2] [task] - Issue 773
○ proj-wk6m [● P2] [task] - Issue 715
○ proj-wmuy [● P2] [task] - Issue 866
○ proj-wn25 [● P2] [task] - Issue 939
○ proj-wpff [● P2] [task] - Issue 205
○ proj-wqpz [● P2] [task] - Issue 566
○ proj-wr6n [● P2] [task] - Issue 573
○ proj-wt5h [● P2] [task] - Issue 588
○ proj-wu86 [● P2] [task] - Issue 974
○ proj-wve [● P2] [task] - Issue 5
○ proj-ww87 [● P2] [task] - Issue 891
○ proj-wwy [● P2] [task] - Issue 81
○ proj-wx1 [● P2] [task] - Issue 122
○ proj-wxk [● P2] [task] - Issue 34
○ proj-wynz [● P2] [task] - Issue 587
○ proj-x0l [● P2] [task] - Issue 11
○ proj-x1c [● P2] [task] - Issue 139
○ proj-x28s [● P2] [task] - Issue 903
○ proj-x2oy [● P2] [task] - Issue 871
○ proj-x2w7 [● P2] [task] - Issue 655
○ proj-x4oi [● P2] [task] - Issue 913
○ proj-x50p [● P2] [task] - Issue 944
○ proj-x6ig [● P2] [task] - Issue 330
○ proj-xae [● P2] [task] - Issue 106
○ proj-xc9b [● P2] [task] - Issue 410
○ proj-xdf1 [● P2] [task] - Issue 499
○ proj-xdkr [● P2] [task] - Issue 563
○ proj-xe5v [● P2] [task] - Issue 752
○ proj-xf9b [● P2] [task] - Issue 304
○ proj-xfso [● P2] [task] - Issue 685
○ proj-xgz [● P2] [task] - Issue 126
○ proj-xh5y [● P2] [task] - Issue 762
○ proj-xh7w [● P2] [task] - Issue 445
○ proj-xhbx [● P2] [task] - Issue 454
○ proj-xj0y [● P2] [task] - Issue 687
○ proj-xke7 [● P2] [task] - Issue 429
○ proj-xkw4 [● P2] [task] - Issue 591
○ proj-xnfi [● P2] [task] - Issue 845
○ proj-xo1 [● P2] [task] - Issue 144
○ proj-xo3c [● P2] [task] - Issue 860
○ proj-xpzi [● P2] [task] - Issue 483
○ proj-xx6r [● P2] [task] - Issue 415
○ proj-xxo [● P2] [task] - Issue 24
○ proj-xxy [● P2] [task] - Issue 123
○ proj-y0ll [● P2] [task] - Issue 288
○ proj-y2ch [● P2] [task] - Issue 449
○ proj-y2fw [● P2] [task] - Issue 849
○ proj-y2js [● P2] [task] - Issue 387
○ proj-y2t3 [● P2] [task] - Issue 252
○ proj-y3c [● P2] [task] - Issue 10
○ proj-y4rs [● P2] [task] - Issue 695
○ proj-y5mg [● P2] [task] - Issue 221
○ proj-y7up [● P2] [task] - Issue 209
○ proj-y8q7 [● P2] [task] - Issue 936
○ proj-y9h [● P2] [task] - Issue 147
○ proj-yal4 [● P2] [task] - Issue 635
○ proj-ybba [● P2] [task] - Issue 443
○ proj-ybn [● P2] [task] - Issue 110
○ proj-ybqv [● P2] [task] - Issue 437
○ proj-yd2 [● P2] [task] - Issue 94
○ proj-yei4 [● P2] [task] - Issue 397
○ proj-yfmn [● P2] [task] - Issue 305
○ proj-yg1v [● P2] [task] - Issue 703
○ proj-yh4u [● P2] [task] - Issue 564
○ proj-yhpe [● P2] [task] - Issue 316
○ proj-yhzq [● P2] [task] - Issue 505
○ proj-ylax [● P2] [task] - Issue 332
○ proj-ym6d [● P2] [task] - Issue 699
○ proj-yme [● P2] [task] - Issue 1
○ proj-yocv [● P2] [task] - Issue 620
○ proj-ypmi [● P2] [task] - Issue 674
○ proj-yqsd [● P2] [task] - Issue 863
○ proj-yr4h [● P2] [task] - Issue 689
○ proj-ysaw [● P2] [task] - Issue 957
○ proj-yvpa [● P2] [task] - Issue 254
○ proj-ywrt [● P2] [task] - Issue 243
○ proj-yxie [● P2] [task] - Issue 538
○ proj-yyga [● P2] [task] - Issue 467
○ proj-z1gj [● P2] [task] - Issue 627
○ proj-z233 [● P2] [task] - Issue 524
○ proj-z25 [● P2] [task] - Issue 49
○ proj-z3u8 [● P2] [task] - Issue 279
○ proj-z8i9 [● P2] [task] - Issue 904
○ proj-z9qf [● P2] [task] - Issue 759
○ proj-zb8 [● P2] [task] - Issue 142
○ proj-zbyw [● P2] [task] - Issue 267
○ proj-zc3t [● P2] [task] - Issue 318
○ proj-zc8 [● P2] [task] - Issue 133
○ proj-zcul [● P2] [task] - Issue 321
○ proj-ze3h [● P2] [task] - Issue 543
○ proj-zgjw [● P2] [task] - Issue 271
○ proj-zij2 [● P2] [task] - Issue 844
○ proj-zizv [● P2] [task] - Issue 431
○ proj-zl9v [● P2] [task] - Issue 717
○ proj-zlk [● P2] [task] - Issue 26
○ proj-znd5 [● P2] [task] - Issue 381
○ proj-zoha [● P2] [task] - Issue 740
○ proj-zona [● P2] [task] - Issue 436
○ proj-zow0 [● P2] [task] - Issue 418
○ proj-zrqq [● P2] [task] - Issue 652
○ proj-zsh8 [● P2] [task] - Issue 452
○ proj-ztkm [● P2] [task] - Issue 628
○ proj-zumo [● P2] [task] - Issue 660
○ proj-zvt [● P2] [task] - Issue 3
○ proj-zyjc [● P2] [task] - Issue 733
○ proj-zzp5 [● P2] [task] - Issue 728
