○ proj-abk.1 [● P1] [task] - Child 1
  Status: open
  Priority: P1
  Type: task
  Created: 2026-07-01
  Updated: 2026-07-01

○ proj-abk.10 [● P1] [task] - Child 10
  Status: open
  Priority: P1
  Type: task
  Created: 2026-07-01
  Updated: 2026-07-01

○ proj-abk.11 [● P2] [task] - Child 11
  Status: open
  Priority: P2
  Type: task
  Created: 2026-07-01
  Updated: 2026-07-01

○ proj-abk.2 [● P2] [task] - Child 2
  Status: open
  Priority: P2
  Type: task
  Created: 2026-07-01
  Updated: 2026-07-01

○ proj-abk.3 [● P3] [task] - Child 3
  Status: open
  Priority: P3
  Type: task
  Created: 2026-07-01
  Updated: 2026-07-01
