○ proj-x007 Auth epic
   Progress: 0/0 children closed (0%)

○ proj-x00f Auth epic
   Progress: 0/0 children closed (0%)

○ proj-x00n Auth epic
   Progress: 0/0 children closed (0%)

○ proj-x00v Auth epic
   Progress: 0/0 children closed (0%)

○ proj-x013 Auth epic
   Progress: 0/0 children closed (0%)

○ proj-x01b Auth epic
   Progress: 0/0 children closed (0%)

○ proj-x01j Auth epic
   Progress: 0/0 children closed (0%)

○ proj-x01r Auth epic
   Progress: 0/0 children closed (0%)

○ proj-x01z Auth epic
   Progress: 0/0 children closed (0%)

○ proj-x027 Auth epic
   Progress: 0/0 children closed (0%)

○ proj-x02f Auth epic
   Progress: 0/0 children closed (0%)

○ proj-x02n Auth epic
   Progress: 0/0 children closed (0%)

○ proj-x02v Auth epic
   Progress: 0/0 children closed (0%)

○ proj-x033 Auth epic
   Progress: 0/0 children closed (0%)

○ proj-x03b Auth epic
   Progress: 0/0 children closed (0%)

○ proj-x03j Auth epic
   Progress: 0/0 children closed (0%)

○ proj-x03r Auth epic
   Progress: 0/0 children closed (0%)

○ proj-x03z Auth epic
   Progress: 0/0 children closed (0%)

○ proj-x047 Auth epic
   Progress: 0/0 children closed (0%)

○ proj-x04f Auth epic
   Progress: 0/0 children closed (0%)

○ proj-x04n Auth epic
   Progress: 0/0 children closed (0%)

○ proj-x04v Auth epic
   Progress: 0/0 children closed (0%)

○ proj-x053 Auth epic
   Progress: 0/0 children closed (0%)

○ proj-x05b Auth epic
   Progress: 0/0 children closed (0%)

○ proj-x05j Auth epic
   Progress: 0/0 children closed (0%)

○ proj-x05r Auth epic
   Progress: 0/0 children closed (0%)

○ proj-x05z Auth epic
   Progress: 0/0 children closed (0%)

○ proj-x067 Auth epic
   Progress: 0/0 children closed (0%)

○ proj-x06f Auth epic
   Progress: 0/0 children closed (0%)

○ proj-x06n Auth epic
   Progress: 0/0 children closed (0%)

○ proj-x06v Auth epic
   Progress: 0/0 children closed (0%)

○ proj-x073 Auth epic
   Progress: 0/0 children closed (0%)

○ proj-x07b Auth epic
   Progress: 0/0 children closed (0%)

○ proj-x07j Auth epic
   Progress: 0/0 children closed (0%)

○ proj-x07r Auth epic
   Progress: 0/0 children closed (0%)

○ proj-x07z Auth epic
   Progress: 0/0 children closed (0%)

○ proj-x087 Auth epic
   Progress: 0/0 children closed (0%)

○ proj-x08f Auth epic
   Progress: 0/0 children closed (0%)

○ proj-x08n Auth epic
   Progress: 0/0 children closed (0%)

○ proj-x08v Auth epic
   Progress: 0/0 children closed (0%)

○ proj-x093 Auth epic
   Progress: 0/0 children closed (0%)

○ proj-x09b Auth epic
   Progress: 0/0 children closed (0%)

○ proj-x09j Auth epic
   Progress: 0/0 children closed (0%)

○ proj-x09r Auth epic
   Progress: 0/0 children closed (0%)

○ proj-x09z Auth epic
   Progress: 0/0 children closed (0%)

○ proj-x0a7 Auth epic
   Progress: 0/0 children closed (0%)

○ proj-x0af Auth epic
   Progress: 0/0 children closed (0%)

○ proj-x0an Auth epic
   Progress: 0/0 children closed (0%)

○ proj-x0av Auth epic
   Progress: 0/0 children closed (0%)

○ proj-x0b3 Auth epic
   Progress: 0/0 children closed (0%)

○ proj-x0bb Auth epic
   Progress: 0/0 children closed (0%)

○ proj-x0bj Auth epic
   Progress: 0/0 children closed (0%)

○ proj-x0br Auth epic
   Progress: 0/0 children closed (0%)

○ proj-x0bz Auth epic
   Progress: 0/0 children closed (0%)

○ proj-x0c7 Auth epic
   Progress: 0/0 children closed (0%)

○ proj-x0cf Auth epic
   Progress: 0/0 children closed (0%)

○ proj-x0cn Auth epic
   Progress: 0/0 children closed (0%)

○ proj-x0cv Auth epic
   Progress: 0/0 children closed (0%)

○ proj-x0d3 Auth epic
   Progress: 0/0 children closed (0%)

○ proj-x0db Auth epic
   Progress: 0/0 children closed (0%)

○ proj-x0dj Auth epic
   Progress: 0/0 children closed (0%)

○ proj-x0dr Auth epic
   Progress: 0/0 children closed (0%)

○ proj-x0dz Auth epic
   Progress: 0/0 children closed (0%)

○ proj-x0e7 Auth epic
   Progress: 0/0 children closed (0%)

