id,title,status,priority,issue_type,assignee,created_at,updated_at
proj-x001,Write API docs,open,3,docs,,2026-01-01T10:00:03+00:00,2026-01-01T11:00:00+00:00
proj-x009,Write API docs,open,3,docs,,2026-01-01T10:00:03+00:00,2026-01-01T11:00:00+00:00
proj-x00h,Write API docs,open,3,docs,,2026-01-01T10:00:03+00:00,2026-01-01T11:00:00+00:00
proj-x00p,Write API docs,open,3,docs,,2026-01-01T10:00:03+00:00,2026-01-01T11:00:00+00:00
proj-x00x,Write API docs,open,3,docs,,2026-01-01T10:00:03+00:00,2026-01-01T11:00:00+00:00
proj-x015,Write API docs,open,3,docs,,2026-01-01T10:00:03+00:00,2026-01-01T11:00:00+00:00
proj-x01d,Write API docs,open,3,docs,,2026-01-01T10:00:03+00:00,2026-01-01T11:00:00+00:00
proj-x01l,Write API docs,open,3,docs,,2026-01-01T10:00:03+00:00,2026-01-01T11:00:00+00:00
proj-x01t,Write API docs,open,3,docs,,2026-01-01T10:00:03+00:00,2026-01-01T11:00:00+00:00
proj-x021,Write API docs,open,3,docs,,2026-01-01T10:00:03+00:00,2026-01-01T11:00:00+00:00
proj-x029,Write API docs,open,3,docs,,2026-01-01T10:00:03+00:00,2026-01-01T11:00:00+00:00
proj-x02h,Write API docs,open,3,docs,,2026-01-01T10:00:03+00:00,2026-01-01T11:00:00+00:00
proj-x02p,Write API docs,open,3,docs,,2026-01-01T10:00:03+00:00,2026-01-01T11:00:00+00:00
proj-x02x,Write API docs,open,3,docs,,2026-01-01T10:00:03+00:00,2026-01-01T11:00:00+00:00
proj-x035,Write API docs,open,3,docs,,2026-01-01T10:00:03+00:00,2026-01-01T11:00:00+00:00
proj-x03d,Write API docs,open,3,docs,,2026-01-01T10:00:03+00:00,2026-01-01T11:00:00+00:00
proj-x03l,Write API docs,open,3,docs,,2026-01-01T10:00:03+00:00,2026-01-01T11:00:00+00:00
proj-x03t,Write API docs,open,3,docs,,2026-01-01T10:00:03+00:00,2026-01-01T11:00:00+00:00
proj-x041,Write API docs,open,3,docs,,2026-01-01T10:00:03+00:00,2026-01-01T11:00:00+00:00
proj-x049,Write API docs,open,3,docs,,2026-01-01T10:00:03+00:00,2026-01-01T11:00:00+00:00
proj-x04h,Write API docs,open,3,docs,,2026-01-01T10:00:03+00:00,2026-01-01T11:00:00+00:00
proj-x04p,Write API docs,open,3,docs,,2026-01-01T10:00:03+00:00,2026-01-01T11:00:00+00:00
proj-x04x,Write API docs,open,3,docs,,2026-01-01T10:00:03+00:00,2026-01-01T11:00:00+00:00
proj-x055,Write API docs,open,3,docs,,2026-01-01T10:00:03+00:00,2026-01-01T11:00:00+00:00
proj-x05d,Write API docs,open,3,docs,,2026-01-01T10:00:03+00:00,2026-01-01T11:00:00+00:00
proj-x05l,Write API docs,open,3,docs,,2026-01-01T10:00:03+00:00,2026-01-01T11:00:00+00:00
proj-x05t,Write API docs,open,3,docs,,2026-01-01T10:00:03+00:00,2026-01-01T11:00:00+00:00
proj-x061,Write API docs,open,3,docs,,2026-01-01T10:00:03+00:00,2026-01-01T11:00:00+00:00
proj-x069,Write API docs,open,3,docs,,2026-01-01T10:00:03+00:00,2026-01-01T11:00:00+00:00
proj-x06h,Write API docs,open,3,docs,,2026-01-01T10:00:03+00:00,2026-01-01T11:00:00+00:00
proj-x06p,Write API docs,open,3,docs,,2026-01-01T10:00:03+00:00,2026-01-01T11:00:00+00:00
proj-x06x,Write API docs,open,3,docs,,2026-01-01T10:00:03+00:00,2026-01-01T11:00:00+00:00
proj-x075,Write API docs,open,3,docs,,2026-01-01T10:00:03+00:00,2026-01-01T11:00:00+00:00
proj-x07d,Write API docs,open,3,docs,,2026-01-01T10:00:03+00:00,2026-01-01T11:00:00+00:00
proj-x07l,Write API docs,open,3,docs,,2026-01-01T10:00:03+00:00,2026-01-01T11:00:00+00:00
proj-x07t,Write API docs,open,3,docs,,2026-01-01T10:00:03+00:00,2026-01-01T11:00:00+00:00
proj-x081,Write API docs,open,3,docs,,2026-01-01T10:00:03+00:00,2026-01-01T11:00:00+00:00
proj-x089,Write API docs,open,3,docs,,2026-01-01T10:00:03+00:00,2026-01-01T11:00:00+00:00
proj-x08h,Write API docs,open,3,docs,,2026-01-01T10:00:03+00:00,2026-01-01T11:00:00+00:00
proj-x08p,Write API docs,open,3,docs,,2026-01-01T10:00:03+00:00,2026-01-01T11:00:00+00:00
proj-x08x,Write API docs,open,3,docs,,2026-01-01T10:00:03+00:00,2026-01-01T11:00:00+00:00
proj-x095,Write API docs,open,3,docs,,2026-01-01T10:00:03+00:00,2026-01-01T11:00:00+00:00
proj-x09d,Write API docs,open,3,docs,,2026-01-01T10:00:03+00:00,2026-01-01T11:00:00+00:00
proj-x09l,Write API docs,open,3,docs,,2026-01-01T10:00:03+00:00,2026-01-01T11:00:00+00:00
proj-x09t,Write API docs,open,3,docs,,2026-01-01T10:00:03+00:00,2026-01-01T11:00:00+00:00
proj-x0a1,Write API docs,open,3,docs,,2026-01-01T10:00:03+00:00,2026-01-01T11:00:00+00:00
proj-x0a9,Write API docs,open,3,docs,,2026-01-01T10:00:03+00:00,2026-01-01T11:00:00+00:00
proj-x0ah,Write API docs,open,3,docs,,2026-01-01T10:00:03+00:00,2026-01-01T11:00:00+00:00
proj-x0ap,Write API docs,open,3,docs,,2026-01-01T10:00:03+00:00,2026-01-01T11:00:00+00:00
proj-x0ax,Write API docs,open,3,docs,,2026-01-01T10:00:03+00:00,2026-01-01T11:00:00+00:00
proj-x0b5,Write API docs,open,3,docs,,2026-01-01T10:00:03+00:00,2026-01-01T11:00:00+00:00
proj-x0bd,Write API docs,open,3,docs,,2026-01-01T10:00:03+00:00,2026-01-01T11:00:00+00:00
proj-x0bl,Write API docs,open,3,docs,,2026-01-01T10:00:03+00:00,2026-01-01T11:00:00+00:00
proj-x0bt,Write API docs,open,3,docs,,2026-01-01T10:00:03+00:00,2026-01-01T11:00:00+00:00
proj-x0c1,Write API docs,open,3,docs,,2026-01-01T10:00:03+00:00,2026-01-01T11:00:00+00:00
proj-x0c9,Write API docs,open,3,docs,,2026-01-01T10:00:03+00:00,2026-01-01T11:00:00+00:00
proj-x0ch,Write API docs,open,3,docs,,2026-01-01T10:00:03+00:00,2026-01-01T11:00:00+00:00
proj-x0cp,Write API docs,open,3,docs,,2026-01-01T10:00:03+00:00,2026-01-01T11:00:00+00:00
proj-x0cx,Write API docs,open,3,docs,,2026-01-01T10:00:03+00:00,2026-01-01T11:00:00+00:00
proj-x0d5,Write API docs,open,3,docs,,2026-01-01T10:00:03+00:00,2026-01-01T11:00:00+00:00
proj-x0dd,Write API docs,open,3,docs,,2026-01-01T10:00:03+00:00,2026-01-01T11:00:00+00:00
proj-x0dl,Write API docs,open,3,docs,,2026-01-01T10:00:03+00:00,2026-01-01T11:00:00+00:00
proj-x0dt,Write API docs,open,3,docs,,2026-01-01T10:00:03+00:00,2026-01-01T11:00:00+00:00
proj-x0e1,Write API docs,open,3,docs,,2026-01-01T10:00:03+00:00,2026-01-01T11:00:00+00:00
