Showing 50 issue(s) matching 'login'
◐ proj-x006 [● P0] [bug] - Fix login timeout
◐ proj-x00e [● P0] [bug] - Fix login timeout
◐ proj-x00m [● P0] [bug] - Fix login timeout
◐ proj-x00u [● P0] [bug] - Fix login timeout
◐ proj-x012 [● P0] [bug] - Fix login timeout
◐ proj-x01a [● P0] [bug] - Fix login timeout
◐ proj-x01i [● P0] [bug] - Fix login timeout
◐ proj-x01q [● P0] [bug] - Fix login timeout
◐ proj-x01y [● P0] [bug] - Fix login timeout
◐ proj-x026 [● P0] [bug] - Fix login timeout
◐ proj-x02e [● P0] [bug] - Fix login timeout
◐ proj-x02m [● P0] [bug] - Fix login timeout
◐ proj-x02u [● P0] [bug] - Fix login timeout
◐ proj-x032 [● P0] [bug] - Fix login timeout
◐ proj-x03a [● P0] [bug] - Fix login timeout
◐ proj-x03i [● P0] [bug] - Fix login timeout
◐ proj-x03q [● P0] [bug] - Fix login timeout
◐ proj-x03y [● P0] [bug] - Fix login timeout
◐ proj-x046 [● P0] [bug] - Fix login timeout
◐ proj-x04e [● P0] [bug] - Fix login timeout
◐ proj-x04m [● P0] [bug] - Fix login timeout
◐ proj-x04u [● P0] [bug] - Fix login timeout
◐ proj-x052 [● P0] [bug] - Fix login timeout
◐ proj-x05a [● P0] [bug] - Fix login timeout
◐ proj-x05i [● P0] [bug] - Fix login timeout
◐ proj-x05q [● P0] [bug] - Fix login timeout
◐ proj-x05y [● P0] [bug] - Fix login timeout
◐ proj-x066 [● P0] [bug] - Fix login timeout
◐ proj-x06e [● P0] [bug] - Fix login timeout
◐ proj-x06m [● P0] [bug] - Fix login timeout
◐ proj-x06u [● P0] [bug] - Fix login timeout
◐ proj-x072 [● P0] [bug] - Fix login timeout
◐ proj-x07a [● P0] [bug] - Fix login timeout
◐ proj-x07i [● P0] [bug] - Fix login timeout
◐ proj-x07q [● P0] [bug] - Fix login timeout
◐ proj-x07y [● P0] [bug] - Fix login timeout
◐ proj-x086 [● P0] [bug] - Fix login timeout
◐ proj-x08e [● P0] [bug] - Fix login timeout
◐ proj-x08m [● P0] [bug] - Fix login timeout
◐ proj-x08u [● P0] [bug] - Fix login timeout
◐ proj-x092 [● P0] [bug] - Fix login timeout
◐ proj-x09a [● P0] [bug] - Fix login timeout
◐ proj-x09i [● P0] [bug] - Fix login timeout
◐ proj-x09q [● P0] [bug] - Fix login timeout
◐ proj-x09y [● P0] [bug] - Fix login timeout
◐ proj-x0a6 [● P0] [bug] - Fix login timeout
◐ proj-x0ae [● P0] [bug] - Fix login timeout
◐ proj-x0am [● P0] [bug] - Fix login timeout
◐ proj-x0au [● P0] [bug] - Fix login timeout
◐ proj-x0b2 [● P0] [bug] - Fix login timeout
note: showing 50 search result(s) from offset 0; more matches exist. Use --limit 0 for all results (current limit: 50)
