$ ["create", "Blocker", "--silent"]
proj-6sm
--- .beads/issues.jsonl ---
{"id":"proj-6sm","title":"Blocker","status":"open","priority":2,"issue_type":"task","created_at":"2026-01-02T03:04:05Z","created_by":"tester","updated_at":"2026-01-02T03:04:05Z","source_repo":"proj","source_repo_path":"/mnt/proj","compaction_level":0,"original_size":0}
--- .beads/last-touched ---
proj-6sm
[exit 0]
$ ["create", "Blocked", "--silent"]
proj-sh8
--- .beads/issues.jsonl ---
{"id":"proj-6sm","title":"Blocker","status":"open","priority":2,"issue_type":"task","created_at":"2026-01-02T03:04:05Z","created_by":"tester","updated_at":"2026-01-02T03:04:05Z","source_repo":"proj","source_repo_path":"/mnt/proj","compaction_level":0,"original_size":0}
{"id":"proj-sh8","title":"Blocked","status":"open","priority":2,"issue_type":"task","created_at":"2026-01-02T03:04:05Z","created_by":"tester","updated_at":"2026-01-02T03:04:05Z","source_repo":"proj","source_repo_path":"/mnt/proj","compaction_level":0,"original_size":0}
--- .beads/last-touched ---
proj-sh8
[exit 0]
$ ["dep", "add", "proj-sh8", "proj-6sm"]
✓ Added dependency: proj-sh8 -> proj-6sm (blocks)
--- .beads/issues.jsonl ---
{"id":"proj-6sm","title":"Blocker","status":"open","priority":2,"issue_type":"task","created_at":"2026-01-02T03:04:05Z","created_by":"tester","updated_at":"2026-01-02T03:04:05Z","source_repo":"proj","source_repo_path":"/mnt/proj","compaction_level":0,"original_size":0}
{"id":"proj-sh8","title":"Blocked","status":"open","priority":2,"issue_type":"task","created_at":"2026-01-02T03:04:05Z","created_by":"tester","updated_at":"2026-01-02T03:04:05Z","source_repo":"proj","source_repo_path":"/mnt/proj","compaction_level":0,"original_size":0,"dependencies":[{"issue_id":"proj-sh8","depends_on_id":"proj-6sm","type":"blocks","created_at":"2026-01-02T03:04:05Z","created_by":"tester","metadata":"{}","thread_id":""}]}
[exit 0]
$ ["defer", "proj-6sm"]
⏱ Deferred proj-6sm: Blocker (indefinitely)
--- .beads/issues.jsonl ---
{"id":"proj-6sm","title":"Blocker","status":"deferred","priority":2,"issue_type":"task","created_at":"2026-01-02T03:04:05Z","created_by":"tester","updated_at":"2026-01-02T03:04:05Z","source_repo":"proj","source_repo_path":"/mnt/proj","compaction_level":0,"original_size":0}
{"id":"proj-sh8","title":"Blocked","status":"open","priority":2,"issue_type":"task","created_at":"2026-01-02T03:04:05Z","created_by":"tester","updated_at":"2026-01-02T03:04:05Z","source_repo":"proj","source_repo_path":"/mnt/proj","compaction_level":0,"original_size":0,"dependencies":[{"issue_id":"proj-sh8","depends_on_id":"proj-6sm","type":"blocks","created_at":"2026-01-02T03:04:05Z","created_by":"tester","metadata":"{}","thread_id":""}]}
--- .beads/last-touched ---
proj-6sm
[exit 0]
$ ["ready"]
✨ No ready issues — remaining work is not currently actionable
[exit 0]
$ ["ready", "--json"]
[]
[exit 0]
