$ ["create", "Kid 1", "--parent", "proj-b75", "--silent"]
$ ["create", "Kid 2", "--parent", "proj-b75", "--silent"]
$ ["create", "Kid 3", "--parent", "proj-b75", "--silent"]
$ ["create", "Kid 4", "--parent", "proj-b75", "--silent"]
$ ["create", "Kid 5", "--parent", "proj-b75", "--silent"]
$ ["create", "Kid 6", "--parent", "proj-b75", "--silent"]
$ ["create", "Kid 7", "--parent", "proj-b75", "--silent"]
$ ["create", "Kid 8", "--parent", "proj-b75", "--silent"]
$ ["create", "Kid 9", "--parent", "proj-b75", "--silent"]
$ ["create", "Kid 10", "--parent", "proj-b75", "--silent"]
$ ["create", "Kid 11", "--parent", "proj-b75", "--silent"]
$ ["create", "Grandkid", "--parent", "proj-b75.2", "--silent"]
$ ["update", "proj-b75.1", "--parent", ""]
$ ["update", "proj-b75.2", "--parent", ""]
$ ["update", "proj-b75.3", "--parent", ""]
$ ["update", "proj-b75.4", "--parent", ""]
$ ["update", "proj-b75.5", "--parent", ""]
$ ["update", "proj-b75.6", "--parent", ""]
$ ["update", "proj-b75.7", "--parent", ""]
$ ["update", "proj-b75.8", "--parent", ""]
$ ["update", "proj-b75.9", "--parent", ""]
$ ["update", "proj-b75.10", "--parent", ""]
$ ["update", "proj-b75.11", "--parent", ""]
$ ["update", "proj-b75.2.1", "--parent", ""]
$ ["close", "proj-b75"]
Warning: Skipped proj-b75: parent issue has 11 open dot-notation child issue(s): proj-b75.1, proj-b75.10, proj-b75.11, proj-b75.2, proj-b75.3, +6 more (use --force to close anyway)
Error: Nothing to do: all 1 issue(s) skipped — proj-b75: parent issue has 11 open dot-notation child issue(s): proj-b75.1, proj-b75.10, proj-b75.11, proj-b75.2, proj-b75.3, +6 more (use --force to close anyway)
Hint: Skipped issue(s) have open children. Close the children first, or re-run with --force to close anyway.
$ ["close", "proj-b75.1", "--force"]
$ ["close", "proj-b75.2", "--force"]
$ ["close", "proj-b75.3", "--force"]
$ ["close", "proj-b75.4", "--force"]
$ ["close", "proj-b75.5", "--force"]
$ ["close", "proj-b75.6", "--force"]
$ ["close", "proj-b75.7", "--force"]
$ ["close", "proj-b75.8", "--force"]
$ ["close", "proj-b75.9", "--force"]
$ ["close", "proj-b75.10", "--force"]
$ ["close", "proj-b75.11", "--force"]
$ ["close", "proj-b75"]
