$ ["create", "Same title"]
✓ Created proj-86w: Same title
--- .beads/issues.jsonl ---
{"id":"proj-86w","title":"Same title","status":"open","priority":2,"issue_type":"task","created_at":"2026-02-03T09:00:00Z","created_by":"tester","updated_at":"2026-02-03T09:00:00Z","source_repo":"proj","source_repo_path":"/mnt/proj","compaction_level":0,"original_size":0}
--- .beads/last-touched ---
proj-86w
[exit 0]
$ ["create", "Same title"]
✓ Created proj-e1f: Same title
--- .beads/issues.jsonl ---
{"id":"proj-86w","title":"Same title","status":"open","priority":2,"issue_type":"task","created_at":"2026-02-03T09:00:00Z","created_by":"tester","updated_at":"2026-02-03T09:00:00Z","source_repo":"proj","source_repo_path":"/mnt/proj","compaction_level":0,"original_size":0}
{"id":"proj-e1f","title":"Same title","status":"open","priority":2,"issue_type":"task","created_at":"2026-02-03T09:00:00Z","created_by":"tester","updated_at":"2026-02-03T09:00:00Z","source_repo":"proj","source_repo_path":"/mnt/proj","compaction_level":0,"original_size":0}
--- .beads/last-touched ---
proj-e1f
[exit 0]
$ ["create", "Same title", "--json"]
{"id":"proj-fa9","title":"Same title","status":"open","priority":2,"issue_type":"task","created_at":"2026-02-03T09:00:00Z","created_by":"tester","updated_at":"2026-02-03T09:00:00Z","source_repo":"proj","source_repo_path":"/mnt/proj","compaction_level":0,"original_size":0}
--- .beads/issues.jsonl ---
{"id":"proj-86w","title":"Same title","status":"open","priority":2,"issue_type":"task","created_at":"2026-02-03T09:00:00Z","created_by":"tester","updated_at":"2026-02-03T09:00:00Z","source_repo":"proj","source_repo_path":"/mnt/proj","compaction_level":0,"original_size":0}
{"id":"proj-e1f","title":"Same title","status":"open","priority":2,"issue_type":"task","created_at":"2026-02-03T09:00:00Z","created_by":"tester","updated_at":"2026-02-03T09:00:00Z","source_repo":"proj","source_repo_path":"/mnt/proj","compaction_level":0,"original_size":0}
{"id":"proj-fa9","title":"Same title","status":"open","priority":2,"issue_type":"task","created_at":"2026-02-03T09:00:00Z","created_by":"tester","updated_at":"2026-02-03T09:00:00Z","source_repo":"proj","source_repo_path":"/mnt/proj","compaction_level":0,"original_size":0}
--- .beads/last-touched ---
proj-fa9
[exit 0]
$ ["list", "--json"]
{"issues":[{"id":"proj-86w","title":"Same title","status":"open","priority":2,"issue_type":"task","created_at":"2026-02-03T09:00:00Z","created_by":"tester","updated_at":"2026-02-03T09:00:00Z","source_repo":"proj","source_repo_path":"/mnt/proj","compaction_level":0,"original_size":0,"dependency_count":0,"dependent_count":0},{"id":"proj-e1f","title":"Same title","status":"open","priority":2,"issue_type":"task","created_at":"2026-02-03T09:00:00Z","created_by":"tester","updated_at":"2026-02-03T09:00:00Z","source_repo":"proj","source_repo_path":"/mnt/proj","compaction_level":0,"original_size":0,"dependency_count":0,"dependent_count":0},{"id":"proj-fa9","title":"Same title","status":"open","priority":2,"issue_type":"task","created_at":"2026-02-03T09:00:00Z","created_by":"tester","updated_at":"2026-02-03T09:00:00Z","source_repo":"proj","source_repo_path":"/mnt/proj","compaction_level":0,"original_size":0,"dependency_count":0,"dependent_count":0}],"total":3,"limit":0,"offset":0,"has_more":false}
[exit 0]
