$ ["update", "proj-mta", "--acceptance-criteria", "- [ ] Apple\n- [x] Banana\n- [ ] Cherry pie\n- [ ] cherry"]
Updated proj-mta: Set up database schema
--- .beads/issues.jsonl ---
{"id":"proj-170","title":"Implement user auth","status":"open","priority":1,"issue_type":"feature","assignee":"alice","created_at":"2026-01-01T10:00:01Z","created_by":"tester","updated_at":"2026-01-01T11:00:00Z","source_repo":"proj","source_repo_path":"/mnt/proj","compaction_level":0,"original_size":0,"labels":["auth","backend"],"dependencies":[{"issue_id":"proj-170","depends_on_id":"proj-mta","type":"blocks","created_at":"2026-01-01T11:00:00Z","created_by":"tester","metadata":"{}","thread_id":""},{"issue_id":"proj-170","depends_on_id":"proj-uly","type":"parent-child","created_at":"2026-01-01T11:00:00Z","created_by":"tester","metadata":"{}","thread_id":""}]}
{"id":"proj-5u2","title":"Write API docs","status":"open","priority":3,"issue_type":"docs","created_at":"2026-01-01T10:00:03Z","created_by":"tester","updated_at":"2026-01-01T11:00:00Z","source_repo":"proj","source_repo_path":"/mnt/proj","compaction_level":0,"original_size":0,"dependencies":[{"issue_id":"proj-5u2","depends_on_id":"proj-170","type":"related","created_at":"2026-01-01T11:00:00Z","created_by":"tester","metadata":"{}","thread_id":""}]}
{"id":"proj-7vm","title":"Refactor config loader","status":"deferred","priority":4,"issue_type":"chore","created_at":"2026-01-01T10:00:05Z","created_by":"tester","updated_at":"2026-01-01T14:00:00Z","defer_until":"2027-06-01T09:00:00Z","source_repo":"proj","source_repo_path":"/mnt/proj","compaction_level":0,"original_size":0}
{"id":"proj-b75","title":"Ünïcödé title — “quotes” & <tags> \\ backslash","description":"Line one\nLine two\ttabbed","status":"open","priority":2,"issue_type":"task","created_at":"2026-01-01T10:00:06Z","created_by":"tester","updated_at":"2026-01-01T10:00:06Z","source_repo":"proj","source_repo_path":"/mnt/proj","compaction_level":0,"original_size":0}
{"id":"proj-mkh","title":"Already finished work","status":"closed","priority":2,"issue_type":"task","created_at":"2026-01-01T10:00:07Z","created_by":"tester","updated_at":"2026-01-01T13:00:00Z","closed_at":"2026-01-01T13:00:00Z","close_reason":"Done before the fixture","source_repo":"proj","source_repo_path":"/mnt/proj","compaction_level":0,"original_size":0}
{"id":"proj-mta","title":"Set up database schema","description":"Create the initial tables.","acceptance_criteria":"- [ ] Apple\n- [x] Banana\n- [ ] Cherry pie\n- [ ] cherry","status":"open","priority":1,"issue_type":"task","created_at":"2026-01-01T10:00:00Z","created_by":"tester","updated_at":"2026-01-02T03:04:05Z","source_repo":"proj","source_repo_path":"/mnt/proj","compaction_level":0,"original_size":0,"labels":["backend","db"]}
{"id":"proj-ptp","title":"Fix login timeout","status":"in_progress","priority":0,"issue_type":"bug","assignee":"bob","created_at":"2026-01-01T10:00:02Z","created_by":"tester","updated_at":"2026-01-01T12:30:00Z","source_repo":"proj","source_repo_path":"/mnt/proj","compaction_level":0,"original_size":0,"comments":[{"id":1,"issue_id":"proj-ptp","author":"tester","text":"Reproduced on staging.","created_at":"2026-01-01T12:30:00Z"}]}
{"id":"proj-uly","title":"Auth epic","status":"open","priority":2,"issue_type":"epic","created_at":"2026-01-01T10:00:04Z","created_by":"tester","updated_at":"2026-01-01T10:00:04Z","source_repo":"proj","source_repo_path":"/mnt/proj","compaction_level":0,"original_size":0}
--- .beads/last-touched ---
proj-mta
[exit 0]
$ ["update", "proj-mta", "--uncheck-acceptance", "9"]
[exit 4]
$ ["update", "proj-mta", "--uncheck-acceptance", "zzz"]
[exit 4]
$ ["update", "proj-mta", "--check-acceptance", "an"]
Updated proj-mta: Set up database schema
proj-mta acceptance criteria (4 items)
  [ ] 1  Apple
  [x] 2  Banana
  [ ] 3  Cherry pie
  [ ] 4  cherry
checked 1 (2) · 1 of 4 complete · 3 remaining
[exit 0]
$ ["update", "proj-mta", "--check-acceptance", "CHERRY"]
Updated proj-mta: Set up database schema
proj-mta acceptance criteria (4 items)
  [ ] 1  Apple
  [x] 2  Banana
  [ ] 3  Cherry pie
  [x] 4  cherry
checked 1 (4) · 2 of 4 complete · 2 remaining
--- .beads/issues.jsonl ---
{"id":"proj-170","title":"Implement user auth","status":"open","priority":1,"issue_type":"feature","assignee":"alice","created_at":"2026-01-01T10:00:01Z","created_by":"tester","updated_at":"2026-01-01T11:00:00Z","source_repo":"proj","source_repo_path":"/mnt/proj","compaction_level":0,"original_size":0,"labels":["auth","backend"],"dependencies":[{"issue_id":"proj-170","depends_on_id":"proj-mta","type":"blocks","created_at":"2026-01-01T11:00:00Z","created_by":"tester","metadata":"{}","thread_id":""},{"issue_id":"proj-170","depends_on_id":"proj-uly","type":"parent-child","created_at":"2026-01-01T11:00:00Z","created_by":"tester","metadata":"{}","thread_id":""}]}
{"id":"proj-5u2","title":"Write API docs","status":"open","priority":3,"issue_type":"docs","created_at":"2026-01-01T10:00:03Z","created_by":"tester","updated_at":"2026-01-01T11:00:00Z","source_repo":"proj","source_repo_path":"/mnt/proj","compaction_level":0,"original_size":0,"dependencies":[{"issue_id":"proj-5u2","depends_on_id":"proj-170","type":"related","created_at":"2026-01-01T11:00:00Z","created_by":"tester","metadata":"{}","thread_id":""}]}
{"id":"proj-7vm","title":"Refactor config loader","status":"deferred","priority":4,"issue_type":"chore","created_at":"2026-01-01T10:00:05Z","created_by":"tester","updated_at":"2026-01-01T14:00:00Z","defer_until":"2027-06-01T09:00:00Z","source_repo":"proj","source_repo_path":"/mnt/proj","compaction_level":0,"original_size":0}
{"id":"proj-b75","title":"Ünïcödé title — “quotes” & <tags> \\ backslash","description":"Line one\nLine two\ttabbed","status":"open","priority":2,"issue_type":"task","created_at":"2026-01-01T10:00:06Z","created_by":"tester","updated_at":"2026-01-01T10:00:06Z","source_repo":"proj","source_repo_path":"/mnt/proj","compaction_level":0,"original_size":0}
{"id":"proj-mkh","title":"Already finished work","status":"closed","priority":2,"issue_type":"task","created_at":"2026-01-01T10:00:07Z","created_by":"tester","updated_at":"2026-01-01T13:00:00Z","closed_at":"2026-01-01T13:00:00Z","close_reason":"Done before the fixture","source_repo":"proj","source_repo_path":"/mnt/proj","compaction_level":0,"original_size":0}
{"id":"proj-mta","title":"Set up database schema","description":"Create the initial tables.","acceptance_criteria":"- [ ] Apple\n- [x] Banana\n- [ ] Cherry pie\n- [x] cherry","status":"open","priority":1,"issue_type":"task","created_at":"2026-01-01T10:00:00Z","created_by":"tester","updated_at":"2026-01-02T03:04:05Z","source_repo":"proj","source_repo_path":"/mnt/proj","compaction_level":0,"original_size":0,"labels":["backend","db"]}
{"id":"proj-ptp","title":"Fix login timeout","status":"in_progress","priority":0,"issue_type":"bug","assignee":"bob","created_at":"2026-01-01T10:00:02Z","created_by":"tester","updated_at":"2026-01-01T12:30:00Z","source_repo":"proj","source_repo_path":"/mnt/proj","compaction_level":0,"original_size":0,"comments":[{"id":1,"issue_id":"proj-ptp","author":"tester","text":"Reproduced on staging.","created_at":"2026-01-01T12:30:00Z"}]}
{"id":"proj-uly","title":"Auth epic","status":"open","priority":2,"issue_type":"epic","created_at":"2026-01-01T10:00:04Z","created_by":"tester","updated_at":"2026-01-01T10:00:04Z","source_repo":"proj","source_repo_path":"/mnt/proj","compaction_level":0,"original_size":0}
[exit 0]
$ ["update", "proj-mta", "--check-acceptance", "e"]
[exit 4]
$ ["update", "proj-mta", "--uncheck-acceptance", "e", "--json"]
{
  "error": {
    "code": "VALIDATION_FAILED",
    "message": "Validation failed: uncheck-acceptance: proj-mta: \"e\" matches 3 acceptance items; use the item number instead:\n  [ ] 1  Apple\n  [ ] 3  Cherry pie\n  [x] 4  cherry",
    "hint": null,
    "retryable": true,
    "context": {
      "field": "uncheck-acceptance",
      "reason": "proj-mta: \"e\" matches 3 acceptance items; use the item number instead:\n  [ ] 1  Apple\n  [ ] 3  Cherry pie\n  [x] 4  cherry"
    }
  }
}
[exit 4]
$ ["update", "proj-mta", "--check-acceptance", "1", "--uncheck-acceptance", "2", "--add-acceptance", "Date"]
Updated proj-mta: Set up database schema
proj-mta acceptance criteria (5 items)
  [x] 1  Apple
  [ ] 2  Banana
  [ ] 3  Cherry pie
  [x] 4  cherry
  [ ] 5  Date
checked 1 (1) · unchecked 1 (2) · added 1 (5) · 2 of 5 complete · 3 remaining
--- .beads/issues.jsonl ---
{"id":"proj-170","title":"Implement user auth","status":"open","priority":1,"issue_type":"feature","assignee":"alice","created_at":"2026-01-01T10:00:01Z","created_by":"tester","updated_at":"2026-01-01T11:00:00Z","source_repo":"proj","source_repo_path":"/mnt/proj","compaction_level":0,"original_size":0,"labels":["auth","backend"],"dependencies":[{"issue_id":"proj-170","depends_on_id":"proj-mta","type":"blocks","created_at":"2026-01-01T11:00:00Z","created_by":"tester","metadata":"{}","thread_id":""},{"issue_id":"proj-170","depends_on_id":"proj-uly","type":"parent-child","created_at":"2026-01-01T11:00:00Z","created_by":"tester","metadata":"{}","thread_id":""}]}
{"id":"proj-5u2","title":"Write API docs","status":"open","priority":3,"issue_type":"docs","created_at":"2026-01-01T10:00:03Z","created_by":"tester","updated_at":"2026-01-01T11:00:00Z","source_repo":"proj","source_repo_path":"/mnt/proj","compaction_level":0,"original_size":0,"dependencies":[{"issue_id":"proj-5u2","depends_on_id":"proj-170","type":"related","created_at":"2026-01-01T11:00:00Z","created_by":"tester","metadata":"{}","thread_id":""}]}
{"id":"proj-7vm","title":"Refactor config loader","status":"deferred","priority":4,"issue_type":"chore","created_at":"2026-01-01T10:00:05Z","created_by":"tester","updated_at":"2026-01-01T14:00:00Z","defer_until":"2027-06-01T09:00:00Z","source_repo":"proj","source_repo_path":"/mnt/proj","compaction_level":0,"original_size":0}
{"id":"proj-b75","title":"Ünïcödé title — “quotes” & <tags> \\ backslash","description":"Line one\nLine two\ttabbed","status":"open","priority":2,"issue_type":"task","created_at":"2026-01-01T10:00:06Z","created_by":"tester","updated_at":"2026-01-01T10:00:06Z","source_repo":"proj","source_repo_path":"/mnt/proj","compaction_level":0,"original_size":0}
{"id":"proj-mkh","title":"Already finished work","status":"closed","priority":2,"issue_type":"task","created_at":"2026-01-01T10:00:07Z","created_by":"tester","updated_at":"2026-01-01T13:00:00Z","closed_at":"2026-01-01T13:00:00Z","close_reason":"Done before the fixture","source_repo":"proj","source_repo_path":"/mnt/proj","compaction_level":0,"original_size":0}
{"id":"proj-mta","title":"Set up database schema","description":"Create the initial tables.","acceptance_criteria":"- [x] Apple\n- [ ] Banana\n- [ ] Cherry pie\n- [x] cherry\n- [ ] Date","status":"open","priority":1,"issue_type":"task","created_at":"2026-01-01T10:00:00Z","created_by":"tester","updated_at":"2026-01-02T03:04:05Z","source_repo":"proj","source_repo_path":"/mnt/proj","compaction_level":0,"original_size":0,"labels":["backend","db"]}
{"id":"proj-ptp","title":"Fix login timeout","status":"in_progress","priority":0,"issue_type":"bug","assignee":"bob","created_at":"2026-01-01T10:00:02Z","created_by":"tester","updated_at":"2026-01-01T12:30:00Z","source_repo":"proj","source_repo_path":"/mnt/proj","compaction_level":0,"original_size":0,"comments":[{"id":1,"issue_id":"proj-ptp","author":"tester","text":"Reproduced on staging.","created_at":"2026-01-01T12:30:00Z"}]}
{"id":"proj-uly","title":"Auth epic","status":"open","priority":2,"issue_type":"epic","created_at":"2026-01-01T10:00:04Z","created_by":"tester","updated_at":"2026-01-01T10:00:04Z","source_repo":"proj","source_repo_path":"/mnt/proj","compaction_level":0,"original_size":0}
[exit 0]
$ ["update", "proj-mta", "--check-acceptance", "1,1"]
Updated proj-mta: Set up database schema
proj-mta acceptance criteria (5 items)
  [x] 1  Apple
  [ ] 2  Banana
  [ ] 3  Cherry pie
  [x] 4  cherry
  [ ] 5  Date
checked 1 (1) · 2 of 5 complete · 3 remaining
[exit 0]
$ ["show", "proj-mta", "--json"]
[{"id":"proj-mta","title":"Set up database schema","description":"Create the initial tables.","acceptance_criteria":"- [x] Apple\n- [ ] Banana\n- [ ] Cherry pie\n- [x] cherry\n- [ ] Date","status":"open","priority":1,"issue_type":"task","created_at":"2026-01-01T10:00:00Z","created_by":"tester","updated_at":"2026-01-02T03:04:05Z","source_repo":"proj","source_repo_path":"/mnt/proj","compaction_level":0,"original_size":0,"labels":["backend","db"],"dependents":[{"id":"proj-170","title":"Implement user auth","status":"open","priority":1,"dependency_type":"blocks"}],"acceptance_items":[{"index":1,"text":"Apple","checked":true},{"index":2,"text":"Banana","checked":false},{"index":3,"text":"Cherry pie","checked":false},{"index":4,"text":"cherry","checked":true},{"index":5,"text":"Date","checked":false}]}]
[exit 0]
