$ ["create", "Touch me"]
✓ Created proj-8f2: Touch me
--- .beads/issues.jsonl ---
{"id":"proj-8f2","title":"Touch me","status":"open","priority":2,"issue_type":"task","created_at":"2026-02-02T09:00:00Z","created_by":"tester","updated_at":"2026-02-02T09:00:00Z","source_repo":"proj","source_repo_path":"/mnt/proj","compaction_level":0,"original_size":0}
--- .beads/last-touched ---
proj-8f2
[exit 0]
$ ["update", "--status", "in_progress"]
Updated proj-8f2: Touch me
  status: open → in_progress
--- .beads/issues.jsonl ---
{"id":"proj-8f2","title":"Touch me","status":"in_progress","priority":2,"issue_type":"task","created_at":"2026-02-02T09:00:00Z","created_by":"tester","updated_at":"2026-02-02T09:01:00Z","source_repo":"proj","source_repo_path":"/mnt/proj","compaction_level":0,"original_size":0}
[exit 0]
$ ["close", "--reason", "Finished"]
✓ Closed proj-8f2: Touch me (Finished)
--- .beads/issues.jsonl ---
{"id":"proj-8f2","title":"Touch me","status":"closed","priority":2,"issue_type":"task","created_at":"2026-02-02T09:00:00Z","created_by":"tester","updated_at":"2026-02-02T09:02:00Z","closed_at":"2026-02-02T09:02:00Z","close_reason":"Finished","source_repo":"proj","source_repo_path":"/mnt/proj","compaction_level":0,"original_size":0}
[exit 0]
$ ["reopen"]
✓ Reopened proj-8f2: Touch me
--- .beads/issues.jsonl ---
{"id":"proj-8f2","title":"Touch me","status":"open","priority":2,"issue_type":"task","created_at":"2026-02-02T09:00:00Z","created_by":"tester","updated_at":"2026-02-02T09:03:00Z","source_repo":"proj","source_repo_path":"/mnt/proj","compaction_level":0,"original_size":0}
[exit 0]
$ ["list", "--json"]
{"issues":[{"id":"proj-8f2","title":"Touch me","status":"open","priority":2,"issue_type":"task","created_at":"2026-02-02T09:00:00Z","created_by":"tester","updated_at":"2026-02-02T09:03:00Z","source_repo":"proj","source_repo_path":"/mnt/proj","compaction_level":0,"original_size":0,"dependency_count":0,"dependent_count":0}],"total":1,"limit":0,"offset":0,"has_more":false}
[exit 0]
