$ ["delete", "proj-b75", "--force"]
Deleted 1 issue(s):
  - proj-b75
--- .beads/issues.jsonl ---
{"id":"proj-170","title":"Implement user auth","status":"open","priority":1,"issue_type":"feature","assignee":"alice","created_at":"2026-01-01T10:00:01Z","created_by":"tester","updated_at":"2026-01-01T11:00:00Z","source_repo":"proj","source_repo_path":"/mnt/proj","compaction_level":0,"original_size":0,"labels":["auth","backend"],"dependencies":[{"issue_id":"proj-170","depends_on_id":"proj-mta","type":"blocks","created_at":"2026-01-01T11:00:00Z","created_by":"tester","metadata":"{}","thread_id":""},{"issue_id":"proj-170","depends_on_id":"proj-uly","type":"parent-child","created_at":"2026-01-01T11:00:00Z","created_by":"tester","metadata":"{}","thread_id":""}]}
{"id":"proj-5u2","title":"Write API docs","status":"open","priority":3,"issue_type":"docs","created_at":"2026-01-01T10:00:03Z","created_by":"tester","updated_at":"2026-01-01T11:00:00Z","source_repo":"proj","source_repo_path":"/mnt/proj","compaction_level":0,"original_size":0,"dependencies":[{"issue_id":"proj-5u2","depends_on_id":"proj-170","type":"related","created_at":"2026-01-01T11:00:00Z","created_by":"tester","metadata":"{}","thread_id":""}]}
{"id":"proj-7vm","title":"Refactor config loader","status":"deferred","priority":4,"issue_type":"chore","created_at":"2026-01-01T10:00:05Z","created_by":"tester","updated_at":"2026-01-01T14:00:00Z","defer_until":"2027-06-01T09:00:00Z","source_repo":"proj","source_repo_path":"/mnt/proj","compaction_level":0,"original_size":0}
{"id":"proj-b75","title":"Ünïcödé title — “quotes” & <tags> \\ backslash","description":"Line one\nLine two\ttabbed","status":"tombstone","priority":2,"issue_type":"task","created_at":"2026-01-01T10:00:06Z","created_by":"tester","updated_at":"2026-01-02T03:04:05Z","source_repo":"proj","source_repo_path":"/mnt/proj","deleted_at":"2026-01-02T03:04:05Z","deleted_by":"tester","delete_reason":"delete","original_type":"task","compaction_level":0,"original_size":0}
{"id":"proj-mkh","title":"Already finished work","status":"closed","priority":2,"issue_type":"task","created_at":"2026-01-01T10:00:07Z","created_by":"tester","updated_at":"2026-01-01T13:00:00Z","closed_at":"2026-01-01T13:00:00Z","close_reason":"Done before the fixture","source_repo":"proj","source_repo_path":"/mnt/proj","compaction_level":0,"original_size":0}
{"id":"proj-mta","title":"Set up database schema","description":"Create the initial tables.","status":"open","priority":1,"issue_type":"task","created_at":"2026-01-01T10:00:00Z","created_by":"tester","updated_at":"2026-01-01T10:00:00Z","source_repo":"proj","source_repo_path":"/mnt/proj","compaction_level":0,"original_size":0,"labels":["backend","db"]}
{"id":"proj-ptp","title":"Fix login timeout","status":"in_progress","priority":0,"issue_type":"bug","assignee":"bob","created_at":"2026-01-01T10:00:02Z","created_by":"tester","updated_at":"2026-01-01T12:30:00Z","source_repo":"proj","source_repo_path":"/mnt/proj","compaction_level":0,"original_size":0,"comments":[{"id":1,"issue_id":"proj-ptp","author":"tester","text":"Reproduced on staging.","created_at":"2026-01-01T12:30:00Z"}]}
{"id":"proj-uly","title":"Auth epic","status":"open","priority":2,"issue_type":"epic","created_at":"2026-01-01T10:00:04Z","created_by":"tester","updated_at":"2026-01-01T10:00:04Z","source_repo":"proj","source_repo_path":"/mnt/proj","compaction_level":0,"original_size":0}
[exit 0]
$ ["stats", "--by-type", "--by-label"]
📊 Issue Database Status

Summary:
  Total Issues:           7
  Open:                   4
  In Progress:            1
  Blocked:                2
  Closed:                 1
  Ready to Work:          2
  Deferred:               1
  Tombstones:             1

Extended:
  Avg Lead Time:          2.0 hours
  Deleted:                1 (tombstones)

By type:
  bug: 1
  chore: 1
  docs: 1
  epic: 1
  feature: 1
  task: 2

By label:
  (no labels): 5
  auth: 1
  backend: 2
  db: 1

For more details, use 'br list' to see individual issues.
[exit 0]
$ ["stats", "--by-assignee", "--json"]
{"summary":{"total_issues":7,"open_issues":4,"in_progress_issues":1,"closed_issues":1,"blocked_issues":2,"deferred_issues":1,"draft_issues":0,"ready_issues":2,"tombstone_issues":1,"pinned_issues":0,"epics_eligible_for_closure":0,"average_lead_time_hours":2.0},"breakdowns":[{"dimension":"assignee","counts":[{"key":"(unassigned)","count":5},{"key":"alice","count":1},{"key":"bob","count":1}]}]}
[exit 0]
