$ ["label", "add", "proj-b75", "-l", "l01,l02,l03,l04,l05,l06,l07,l08,l09,l10,l11,l12,l13,l14,l15,l16,l17,l18,l19,l20,l21,l22,l23,l24,l25,l26,l27,l28,l29,l30,l31,l32,l33,l34,l35,l36,l37,l38,l39,l40,l41,l42,l43,l44,l45,l46,l47,l48,l49,l50,l51,l52,l53,l54,l55,l56,l57,l58,l59,l60,l61,l62,l63,l64"]
✓ Added label l01 to proj-b75
✓ Added label l02 to proj-b75
✓ Added label l03 to proj-b75
✓ Added label l04 to proj-b75
✓ Added label l05 to proj-b75
✓ Added label l06 to proj-b75
✓ Added label l07 to proj-b75
✓ Added label l08 to proj-b75
✓ Added label l09 to proj-b75
✓ Added label l10 to proj-b75
✓ Added label l11 to proj-b75
✓ Added label l12 to proj-b75
✓ Added label l13 to proj-b75
✓ Added label l14 to proj-b75
✓ Added label l15 to proj-b75
✓ Added label l16 to proj-b75
✓ Added label l17 to proj-b75
✓ Added label l18 to proj-b75
✓ Added label l19 to proj-b75
✓ Added label l20 to proj-b75
✓ Added label l21 to proj-b75
✓ Added label l22 to proj-b75
✓ Added label l23 to proj-b75
✓ Added label l24 to proj-b75
✓ Added label l25 to proj-b75
✓ Added label l26 to proj-b75
✓ Added label l27 to proj-b75
✓ Added label l28 to proj-b75
✓ Added label l29 to proj-b75
✓ Added label l30 to proj-b75
✓ Added label l31 to proj-b75
✓ Added label l32 to proj-b75
✓ Added label l33 to proj-b75
✓ Added label l34 to proj-b75
✓ Added label l35 to proj-b75
✓ Added label l36 to proj-b75
✓ Added label l37 to proj-b75
✓ Added label l38 to proj-b75
✓ Added label l39 to proj-b75
✓ Added label l40 to proj-b75
✓ Added label l41 to proj-b75
✓ Added label l42 to proj-b75
✓ Added label l43 to proj-b75
✓ Added label l44 to proj-b75
✓ Added label l45 to proj-b75
✓ Added label l46 to proj-b75
✓ Added label l47 to proj-b75
✓ Added label l48 to proj-b75
✓ Added label l49 to proj-b75
✓ Added label l50 to proj-b75
✓ Added label l51 to proj-b75
✓ Added label l52 to proj-b75
✓ Added label l53 to proj-b75
✓ Added label l54 to proj-b75
✓ Added label l55 to proj-b75
✓ Added label l56 to proj-b75
✓ Added label l57 to proj-b75
✓ Added label l58 to proj-b75
✓ Added label l59 to proj-b75
✓ Added label l60 to proj-b75
✓ Added label l61 to proj-b75
✓ Added label l62 to proj-b75
✓ Added label l63 to proj-b75
✓ Added label l64 to proj-b75
--- .beads/issues.jsonl ---
{"id":"proj-170","title":"Implement user auth","status":"open","priority":1,"issue_type":"feature","assignee":"alice","created_at":"2026-01-01T10:00:01Z","created_by":"tester","updated_at":"2026-01-01T11:00:00Z","source_repo":"proj","source_repo_path":"/mnt/proj","compaction_level":0,"original_size":0,"labels":["auth","backend"],"dependencies":[{"issue_id":"proj-170","depends_on_id":"proj-mta","type":"blocks","created_at":"2026-01-01T11:00:00Z","created_by":"tester","metadata":"{}","thread_id":""},{"issue_id":"proj-170","depends_on_id":"proj-uly","type":"parent-child","created_at":"2026-01-01T11:00:00Z","created_by":"tester","metadata":"{}","thread_id":""}]}
{"id":"proj-5u2","title":"Write API docs","status":"open","priority":3,"issue_type":"docs","created_at":"2026-01-01T10:00:03Z","created_by":"tester","updated_at":"2026-01-01T11:00:00Z","source_repo":"proj","source_repo_path":"/mnt/proj","compaction_level":0,"original_size":0,"dependencies":[{"issue_id":"proj-5u2","depends_on_id":"proj-170","type":"related","created_at":"2026-01-01T11:00:00Z","created_by":"tester","metadata":"{}","thread_id":""}]}
{"id":"proj-7vm","title":"Refactor config loader","status":"deferred","priority":4,"issue_type":"chore","created_at":"2026-01-01T10:00:05Z","created_by":"tester","updated_at":"2026-01-01T14:00:00Z","defer_until":"2027-06-01T09:00:00Z","source_repo":"proj","source_repo_path":"/mnt/proj","compaction_level":0,"original_size":0}
{"id":"proj-b75","title":"Ünïcödé title — “quotes” & <tags> \\ backslash","description":"Line one\nLine two\ttabbed","status":"open","priority":2,"issue_type":"task","created_at":"2026-01-01T10:00:06Z","created_by":"tester","updated_at":"2026-01-02T03:04:05Z","source_repo":"proj","source_repo_path":"/mnt/proj","compaction_level":0,"original_size":0,"labels":["l01","l02","l03","l04","l05","l06","l07","l08","l09","l10","l11","l12","l13","l14","l15","l16","l17","l18","l19","l20","l21","l22","l23","l24","l25","l26","l27","l28","l29","l30","l31","l32","l33","l34","l35","l36","l37","l38","l39","l40","l41","l42","l43","l44","l45","l46","l47","l48","l49","l50","l51","l52","l53","l54","l55","l56","l57","l58","l59","l60","l61","l62","l63","l64"]}
{"id":"proj-mkh","title":"Already finished work","status":"closed","priority":2,"issue_type":"task","created_at":"2026-01-01T10:00:07Z","created_by":"tester","updated_at":"2026-01-01T13:00:00Z","closed_at":"2026-01-01T13:00:00Z","close_reason":"Done before the fixture","source_repo":"proj","source_repo_path":"/mnt/proj","compaction_level":0,"original_size":0}
{"id":"proj-mta","title":"Set up database schema","description":"Create the initial tables.","status":"open","priority":1,"issue_type":"task","created_at":"2026-01-01T10:00:00Z","created_by":"tester","updated_at":"2026-01-01T10:00:00Z","source_repo":"proj","source_repo_path":"/mnt/proj","compaction_level":0,"original_size":0,"labels":["backend","db"]}
{"id":"proj-ptp","title":"Fix login timeout","status":"in_progress","priority":0,"issue_type":"bug","assignee":"bob","created_at":"2026-01-01T10:00:02Z","created_by":"tester","updated_at":"2026-01-01T12:30:00Z","source_repo":"proj","source_repo_path":"/mnt/proj","compaction_level":0,"original_size":0,"comments":[{"id":1,"issue_id":"proj-ptp","author":"tester","text":"Reproduced on staging.","created_at":"2026-01-01T12:30:00Z"}]}
{"id":"proj-uly","title":"Auth epic","status":"open","priority":2,"issue_type":"epic","created_at":"2026-01-01T10:00:04Z","created_by":"tester","updated_at":"2026-01-01T10:00:04Z","source_repo":"proj","source_repo_path":"/mnt/proj","compaction_level":0,"original_size":0}
--- .beads/last-touched ---
proj-b75
[exit 0]
$ ["label", "add", "proj-b75", "extra"]
[exit 4]
$ ["label", "add", "proj-b75", "l01"]
✓ Label l01 already exists on proj-b75
[exit 0]
$ ["label", "add", "proj-5u2", "-l", "m01,m02,m03,m04,m05,m06,m07,m08,m09,m10,m11,m12,m13,m14,m15,m16,m17,m18,m19,m20,m21,m22,m23,m24,m25,m26,m27,m28,m29,m30,m31,m32,m33,m34,m35,m36,m37,m38,m39,m40,m41,m42,m43,m44,m45,m46,m47,m48,m49,m50,m51,m52,m53,m54,m55,m56,m57,m58,m59,m60,m61,m62,m63,m64,m65"]
--- .beads/issues.jsonl ---
{"id":"proj-170","title":"Implement user auth","status":"open","priority":1,"issue_type":"feature","assignee":"alice","created_at":"2026-01-01T10:00:01Z","created_by":"tester","updated_at":"2026-01-01T11:00:00Z","source_repo":"proj","source_repo_path":"/mnt/proj","compaction_level":0,"original_size":0,"labels":["auth","backend"],"dependencies":[{"issue_id":"proj-170","depends_on_id":"proj-mta","type":"blocks","created_at":"2026-01-01T11:00:00Z","created_by":"tester","metadata":"{}","thread_id":""},{"issue_id":"proj-170","depends_on_id":"proj-uly","type":"parent-child","created_at":"2026-01-01T11:00:00Z","created_by":"tester","metadata":"{}","thread_id":""}]}
{"id":"proj-5u2","title":"Write API docs","status":"open","priority":3,"issue_type":"docs","created_at":"2026-01-01T10:00:03Z","created_by":"tester","updated_at":"2026-01-02T03:04:05Z","source_repo":"proj","source_repo_path":"/mnt/proj","compaction_level":0,"original_size":0,"labels":["m01","m02","m03","m04","m05","m06","m07","m08","m09","m10","m11","m12","m13","m14","m15","m16","m17","m18","m19","m20","m21","m22","m23","m24","m25","m26","m27","m28","m29","m30","m31","m32","m33","m34","m35","m36","m37","m38","m39","m40","m41","m42","m43","m44","m45","m46","m47","m48","m49","m50","m51","m52","m53","m54","m55","m56","m57","m58","m59","m60","m61","m62","m63","m64"],"dependencies":[{"issue_id":"proj-5u2","depends_on_id":"proj-170","type":"related","created_at":"2026-01-01T11:00:00Z","created_by":"tester","metadata":"{}","thread_id":""}]}
{"id":"proj-7vm","title":"Refactor config loader","status":"deferred","priority":4,"issue_type":"chore","created_at":"2026-01-01T10:00:05Z","created_by":"tester","updated_at":"2026-01-01T14:00:00Z","defer_until":"2027-06-01T09:00:00Z","source_repo":"proj","source_repo_path":"/mnt/proj","compaction_level":0,"original_size":0}
{"id":"proj-b75","title":"Ünïcödé title — “quotes” & <tags> \\ backslash","description":"Line one\nLine two\ttabbed","status":"open","priority":2,"issue_type":"task","created_at":"2026-01-01T10:00:06Z","created_by":"tester","updated_at":"2026-01-02T03:04:05Z","source_repo":"proj","source_repo_path":"/mnt/proj","compaction_level":0,"original_size":0,"labels":["l01","l02","l03","l04","l05","l06","l07","l08","l09","l10","l11","l12","l13","l14","l15","l16","l17","l18","l19","l20","l21","l22","l23","l24","l25","l26","l27","l28","l29","l30","l31","l32","l33","l34","l35","l36","l37","l38","l39","l40","l41","l42","l43","l44","l45","l46","l47","l48","l49","l50","l51","l52","l53","l54","l55","l56","l57","l58","l59","l60","l61","l62","l63","l64"]}
{"id":"proj-mkh","title":"Already finished work","status":"closed","priority":2,"issue_type":"task","created_at":"2026-01-01T10:00:07Z","created_by":"tester","updated_at":"2026-01-01T13:00:00Z","closed_at":"2026-01-01T13:00:00Z","close_reason":"Done before the fixture","source_repo":"proj","source_repo_path":"/mnt/proj","compaction_level":0,"original_size":0}
{"id":"proj-mta","title":"Set up database schema","description":"Create the initial tables.","status":"open","priority":1,"issue_type":"task","created_at":"2026-01-01T10:00:00Z","created_by":"tester","updated_at":"2026-01-01T10:00:00Z","source_repo":"proj","source_repo_path":"/mnt/proj","compaction_level":0,"original_size":0,"labels":["backend","db"]}
{"id":"proj-ptp","title":"Fix login timeout","status":"in_progress","priority":0,"issue_type":"bug","assignee":"bob","created_at":"2026-01-01T10:00:02Z","created_by":"tester","updated_at":"2026-01-01T12:30:00Z","source_repo":"proj","source_repo_path":"/mnt/proj","compaction_level":0,"original_size":0,"comments":[{"id":1,"issue_id":"proj-ptp","author":"tester","text":"Reproduced on staging.","created_at":"2026-01-01T12:30:00Z"}]}
{"id":"proj-uly","title":"Auth epic","status":"open","priority":2,"issue_type":"epic","created_at":"2026-01-01T10:00:04Z","created_by":"tester","updated_at":"2026-01-01T10:00:04Z","source_repo":"proj","source_repo_path":"/mnt/proj","compaction_level":0,"original_size":0}
[exit 4]
$ ["label", "add", "proj-mta", "proj-5u2", "-l", "l01,l02,l03,l04,l05,l06,l07,l08,l09,l10,l11,l12,l13,l14,l15,l16,l17,l18,l19,l20,l21,l22,l23,l24,l25,l26,l27,l28,l29,l30,l31,l32,l33,l34,l35,l36,l37,l38,l39,l40,l41,l42,l43,l44,l45,l46,l47,l48,l49,l50,l51,l52,l53,l54,l55,l56,l57,l58,l59,l60,l61,l62,l63,l64"]
[exit 4]
$ ["create", "Many", "--labels", "m01,m02,m03,m04,m05,m06,m07,m08,m09,m10,m11,m12,m13,m14,m15,m16,m17,m18,m19,m20,m21,m22,m23,m24,m25,m26,m27,m28,m29,m30,m31,m32,m33,m34,m35,m36,m37,m38,m39,m40,m41,m42,m43,m44,m45,m46,m47,m48,m49,m50,m51,m52,m53,m54,m55,m56,m57,m58,m59,m60,m61,m62,m63,m64,m65"]
[exit 4]
$ ["update", "proj-ptp", "--add-label", "m01,m02,m03,m04,m05,m06,m07,m08,m09,m10,m11,m12,m13,m14,m15,m16,m17,m18,m19,m20,m21,m22,m23,m24,m25,m26,m27,m28,m29,m30,m31,m32,m33,m34,m35,m36,m37,m38,m39,m40,m41,m42,m43,m44,m45,m46,m47,m48,m49,m50,m51,m52,m53,m54,m55,m56,m57,m58,m59,m60,m61,m62,m63,m64,m65"]
[exit 4]
$ ["label", "add", "proj-b75", "extra", "--json"]
{
  "error": {
    "code": "VALIDATION_FAILED",
    "message": "Validation failed: labels: exceeds 64 labels",
    "hint": null,
    "retryable": true,
    "context": {
      "field": "labels",
      "reason": "exceeds 64 labels"
    }
  }
}
[exit 4]
