$ ["update", "proj-b75", "--acceptance-criteria", "Intro line\n- [ ] Alpha\n* [X] Beta\n  - [ ] Gamma nested\n- [] Delta\n1. [ ] Epsilon\nplain tail"]
Updated proj-b75: Ünïcödé title — “quotes” & <tags> \ backslash
--- .beads/issues.jsonl ---
{"id":"proj-170","title":"Implement user auth","status":"open","priority":1,"issue_type":"feature","assignee":"alice","created_at":"2026-01-01T10:00:01Z","created_by":"tester","updated_at":"2026-01-01T11:00:00Z","source_repo":"proj","source_repo_path":"/mnt/proj","compaction_level":0,"original_size":0,"labels":["auth","backend"],"dependencies":[{"issue_id":"proj-170","depends_on_id":"proj-mta","type":"blocks","created_at":"2026-01-01T11:00:00Z","created_by":"tester","metadata":"{}","thread_id":""},{"issue_id":"proj-170","depends_on_id":"proj-uly","type":"parent-child","created_at":"2026-01-01T11:00:00Z","created_by":"tester","metadata":"{}","thread_id":""}]}
{"id":"proj-5u2","title":"Write API docs","status":"open","priority":3,"issue_type":"docs","created_at":"2026-01-01T10:00:03Z","created_by":"tester","updated_at":"2026-01-01T11:00:00Z","source_repo":"proj","source_repo_path":"/mnt/proj","compaction_level":0,"original_size":0,"dependencies":[{"issue_id":"proj-5u2","depends_on_id":"proj-170","type":"related","created_at":"2026-01-01T11:00:00Z","created_by":"tester","metadata":"{}","thread_id":""}]}
{"id":"proj-7vm","title":"Refactor config loader","status":"deferred","priority":4,"issue_type":"chore","created_at":"2026-01-01T10:00:05Z","created_by":"tester","updated_at":"2026-01-01T14:00:00Z","defer_until":"2027-06-01T09:00:00Z","source_repo":"proj","source_repo_path":"/mnt/proj","compaction_level":0,"original_size":0}
{"id":"proj-b75","title":"Ünïcödé title — “quotes” & <tags> \\ backslash","description":"Line one\nLine two\ttabbed","acceptance_criteria":"Intro line\n- [ ] Alpha\n* [X] Beta\n  - [ ] Gamma nested\n- [] Delta\n1. [ ] Epsilon\nplain tail","status":"open","priority":2,"issue_type":"task","created_at":"2026-01-01T10:00:06Z","created_by":"tester","updated_at":"2026-01-02T03:04:05Z","source_repo":"proj","source_repo_path":"/mnt/proj","compaction_level":0,"original_size":0}
{"id":"proj-mkh","title":"Already finished work","status":"closed","priority":2,"issue_type":"task","created_at":"2026-01-01T10:00:07Z","created_by":"tester","updated_at":"2026-01-01T13:00:00Z","closed_at":"2026-01-01T13:00:00Z","close_reason":"Done before the fixture","source_repo":"proj","source_repo_path":"/mnt/proj","compaction_level":0,"original_size":0}
{"id":"proj-mta","title":"Set up database schema","description":"Create the initial tables.","status":"open","priority":1,"issue_type":"task","created_at":"2026-01-01T10:00:00Z","created_by":"tester","updated_at":"2026-01-01T10:00:00Z","source_repo":"proj","source_repo_path":"/mnt/proj","compaction_level":0,"original_size":0,"labels":["backend","db"]}
{"id":"proj-ptp","title":"Fix login timeout","status":"in_progress","priority":0,"issue_type":"bug","assignee":"bob","created_at":"2026-01-01T10:00:02Z","created_by":"tester","updated_at":"2026-01-01T12:30:00Z","source_repo":"proj","source_repo_path":"/mnt/proj","compaction_level":0,"original_size":0,"comments":[{"id":1,"issue_id":"proj-ptp","author":"tester","text":"Reproduced on staging.","created_at":"2026-01-01T12:30:00Z"}]}
{"id":"proj-uly","title":"Auth epic","status":"open","priority":2,"issue_type":"epic","created_at":"2026-01-01T10:00:04Z","created_by":"tester","updated_at":"2026-01-01T10:00:04Z","source_repo":"proj","source_repo_path":"/mnt/proj","compaction_level":0,"original_size":0}
--- .beads/last-touched ---
proj-b75
[exit 0]
$ ["update", "proj-b75", "--check-acceptance", "beta"]
Updated proj-b75: Ünïcödé title — “quotes” & <tags> \ backslash
proj-b75 acceptance criteria (3 items)
  [ ] 1  Alpha
  [x] 2  Beta
  [ ] 3  Gamma nested
checked 1 (2) · 1 of 3 complete · 2 remaining
[exit 0]
$ ["update", "proj-b75", "--check-acceptance", "alpha"]
Updated proj-b75: Ünïcödé title — “quotes” & <tags> \ backslash
proj-b75 acceptance criteria (3 items)
  [x] 1  Alpha
  [x] 2  Beta
  [ ] 3  Gamma nested
checked 1 (1) · 2 of 3 complete · 1 remaining
--- .beads/issues.jsonl ---
{"id":"proj-170","title":"Implement user auth","status":"open","priority":1,"issue_type":"feature","assignee":"alice","created_at":"2026-01-01T10:00:01Z","created_by":"tester","updated_at":"2026-01-01T11:00:00Z","source_repo":"proj","source_repo_path":"/mnt/proj","compaction_level":0,"original_size":0,"labels":["auth","backend"],"dependencies":[{"issue_id":"proj-170","depends_on_id":"proj-mta","type":"blocks","created_at":"2026-01-01T11:00:00Z","created_by":"tester","metadata":"{}","thread_id":""},{"issue_id":"proj-170","depends_on_id":"proj-uly","type":"parent-child","created_at":"2026-01-01T11:00:00Z","created_by":"tester","metadata":"{}","thread_id":""}]}
{"id":"proj-5u2","title":"Write API docs","status":"open","priority":3,"issue_type":"docs","created_at":"2026-01-01T10:00:03Z","created_by":"tester","updated_at":"2026-01-01T11:00:00Z","source_repo":"proj","source_repo_path":"/mnt/proj","compaction_level":0,"original_size":0,"dependencies":[{"issue_id":"proj-5u2","depends_on_id":"proj-170","type":"related","created_at":"2026-01-01T11:00:00Z","created_by":"tester","metadata":"{}","thread_id":""}]}
{"id":"proj-7vm","title":"Refactor config loader","status":"deferred","priority":4,"issue_type":"chore","created_at":"2026-01-01T10:00:05Z","created_by":"tester","updated_at":"2026-01-01T14:00:00Z","defer_until":"2027-06-01T09:00:00Z","source_repo":"proj","source_repo_path":"/mnt/proj","compaction_level":0,"original_size":0}
{"id":"proj-b75","title":"Ünïcödé title — “quotes” & <tags> \\ backslash","description":"Line one\nLine two\ttabbed","acceptance_criteria":"Intro line\n- [x] Alpha\n* [X] Beta\n  - [ ] Gamma nested\n- [] Delta\n1. [ ] Epsilon\nplain tail","status":"open","priority":2,"issue_type":"task","created_at":"2026-01-01T10:00:06Z","created_by":"tester","updated_at":"2026-01-02T03:04:05Z","source_repo":"proj","source_repo_path":"/mnt/proj","compaction_level":0,"original_size":0}
{"id":"proj-mkh","title":"Already finished work","status":"closed","priority":2,"issue_type":"task","created_at":"2026-01-01T10:00:07Z","created_by":"tester","updated_at":"2026-01-01T13:00:00Z","closed_at":"2026-01-01T13:00:00Z","close_reason":"Done before the fixture","source_repo":"proj","source_repo_path":"/mnt/proj","compaction_level":0,"original_size":0}
{"id":"proj-mta","title":"Set up database schema","description":"Create the initial tables.","status":"open","priority":1,"issue_type":"task","created_at":"2026-01-01T10:00:00Z","created_by":"tester","updated_at":"2026-01-01T10:00:00Z","source_repo":"proj","source_repo_path":"/mnt/proj","compaction_level":0,"original_size":0,"labels":["backend","db"]}
{"id":"proj-ptp","title":"Fix login timeout","status":"in_progress","priority":0,"issue_type":"bug","assignee":"bob","created_at":"2026-01-01T10:00:02Z","created_by":"tester","updated_at":"2026-01-01T12:30:00Z","source_repo":"proj","source_repo_path":"/mnt/proj","compaction_level":0,"original_size":0,"comments":[{"id":1,"issue_id":"proj-ptp","author":"tester","text":"Reproduced on staging.","created_at":"2026-01-01T12:30:00Z"}]}
{"id":"proj-uly","title":"Auth epic","status":"open","priority":2,"issue_type":"epic","created_at":"2026-01-01T10:00:04Z","created_by":"tester","updated_at":"2026-01-01T10:00:04Z","source_repo":"proj","source_repo_path":"/mnt/proj","compaction_level":0,"original_size":0}
[exit 0]
$ ["update", "proj-b75", "--uncheck-acceptance", "Beta"]
Updated proj-b75: Ünïcödé title — “quotes” & <tags> \ backslash
proj-b75 acceptance criteria (3 items)
  [x] 1  Alpha
  [ ] 2  Beta
  [ ] 3  Gamma nested
unchecked 1 (2) · 1 of 3 complete · 2 remaining
--- .beads/issues.jsonl ---
{"id":"proj-170","title":"Implement user auth","status":"open","priority":1,"issue_type":"feature","assignee":"alice","created_at":"2026-01-01T10:00:01Z","created_by":"tester","updated_at":"2026-01-01T11:00:00Z","source_repo":"proj","source_repo_path":"/mnt/proj","compaction_level":0,"original_size":0,"labels":["auth","backend"],"dependencies":[{"issue_id":"proj-170","depends_on_id":"proj-mta","type":"blocks","created_at":"2026-01-01T11:00:00Z","created_by":"tester","metadata":"{}","thread_id":""},{"issue_id":"proj-170","depends_on_id":"proj-uly","type":"parent-child","created_at":"2026-01-01T11:00:00Z","created_by":"tester","metadata":"{}","thread_id":""}]}
{"id":"proj-5u2","title":"Write API docs","status":"open","priority":3,"issue_type":"docs","created_at":"2026-01-01T10:00:03Z","created_by":"tester","updated_at":"2026-01-01T11:00:00Z","source_repo":"proj","source_repo_path":"/mnt/proj","compaction_level":0,"original_size":0,"dependencies":[{"issue_id":"proj-5u2","depends_on_id":"proj-170","type":"related","created_at":"2026-01-01T11:00:00Z","created_by":"tester","metadata":"{}","thread_id":""}]}
{"id":"proj-7vm","title":"Refactor config loader","status":"deferred","priority":4,"issue_type":"chore","created_at":"2026-01-01T10:00:05Z","created_by":"tester","updated_at":"2026-01-01T14:00:00Z","defer_until":"2027-06-01T09:00:00Z","source_repo":"proj","source_repo_path":"/mnt/proj","compaction_level":0,"original_size":0}
{"id":"proj-b75","title":"Ünïcödé title — “quotes” & <tags> \\ backslash","description":"Line one\nLine two\ttabbed","acceptance_criteria":"Intro line\n- [x] Alpha\n* [ ] Beta\n  - [ ] Gamma nested\n- [] Delta\n1. [ ] Epsilon\nplain tail","status":"open","priority":2,"issue_type":"task","created_at":"2026-01-01T10:00:06Z","created_by":"tester","updated_at":"2026-01-02T03:04:05Z","source_repo":"proj","source_repo_path":"/mnt/proj","compaction_level":0,"original_size":0}
{"id":"proj-mkh","title":"Already finished work","status":"closed","priority":2,"issue_type":"task","created_at":"2026-01-01T10:00:07Z","created_by":"tester","updated_at":"2026-01-01T13:00:00Z","closed_at":"2026-01-01T13:00:00Z","close_reason":"Done before the fixture","source_repo":"proj","source_repo_path":"/mnt/proj","compaction_level":0,"original_size":0}
{"id":"proj-mta","title":"Set up database schema","description":"Create the initial tables.","status":"open","priority":1,"issue_type":"task","created_at":"2026-01-01T10:00:00Z","created_by":"tester","updated_at":"2026-01-01T10:00:00Z","source_repo":"proj","source_repo_path":"/mnt/proj","compaction_level":0,"original_size":0,"labels":["backend","db"]}
{"id":"proj-ptp","title":"Fix login timeout","status":"in_progress","priority":0,"issue_type":"bug","assignee":"bob","created_at":"2026-01-01T10:00:02Z","created_by":"tester","updated_at":"2026-01-01T12:30:00Z","source_repo":"proj","source_repo_path":"/mnt/proj","compaction_level":0,"original_size":0,"comments":[{"id":1,"issue_id":"proj-ptp","author":"tester","text":"Reproduced on staging.","created_at":"2026-01-01T12:30:00Z"}]}
{"id":"proj-uly","title":"Auth epic","status":"open","priority":2,"issue_type":"epic","created_at":"2026-01-01T10:00:04Z","created_by":"tester","updated_at":"2026-01-01T10:00:04Z","source_repo":"proj","source_repo_path":"/mnt/proj","compaction_level":0,"original_size":0}
[exit 0]
$ ["update", "proj-b75", "--check-acceptance", "a"]
[exit 4]
$ ["update", "proj-b75", "--check-acceptance", "zzz"]
[exit 4]
$ ["update", "proj-b75", "--check-acceptance", "1,3"]
Updated proj-b75: Ünïcödé title — “quotes” & <tags> \ backslash
proj-b75 acceptance criteria (3 items)
  [x] 1  Alpha
  [ ] 2  Beta
  [x] 3  Gamma nested
checked 2 (1,3) · 2 of 3 complete · 1 remaining
--- .beads/issues.jsonl ---
{"id":"proj-170","title":"Implement user auth","status":"open","priority":1,"issue_type":"feature","assignee":"alice","created_at":"2026-01-01T10:00:01Z","created_by":"tester","updated_at":"2026-01-01T11:00:00Z","source_repo":"proj","source_repo_path":"/mnt/proj","compaction_level":0,"original_size":0,"labels":["auth","backend"],"dependencies":[{"issue_id":"proj-170","depends_on_id":"proj-mta","type":"blocks","created_at":"2026-01-01T11:00:00Z","created_by":"tester","metadata":"{}","thread_id":""},{"issue_id":"proj-170","depends_on_id":"proj-uly","type":"parent-child","created_at":"2026-01-01T11:00:00Z","created_by":"tester","metadata":"{}","thread_id":""}]}
{"id":"proj-5u2","title":"Write API docs","status":"open","priority":3,"issue_type":"docs","created_at":"2026-01-01T10:00:03Z","created_by":"tester","updated_at":"2026-01-01T11:00:00Z","source_repo":"proj","source_repo_path":"/mnt/proj","compaction_level":0,"original_size":0,"dependencies":[{"issue_id":"proj-5u2","depends_on_id":"proj-170","type":"related","created_at":"2026-01-01T11:00:00Z","created_by":"tester","metadata":"{}","thread_id":""}]}
{"id":"proj-7vm","title":"Refactor config loader","status":"deferred","priority":4,"issue_type":"chore","created_at":"2026-01-01T10:00:05Z","created_by":"tester","updated_at":"2026-01-01T14:00:00Z","defer_until":"2027-06-01T09:00:00Z","source_repo":"proj","source_repo_path":"/mnt/proj","compaction_level":0,"original_size":0}
{"id":"proj-b75","title":"Ünïcödé title — “quotes” & <tags> \\ backslash","description":"Line one\nLine two\ttabbed","acceptance_criteria":"Intro line\n- [x] Alpha\n* [ ] Beta\n  - [x] Gamma nested\n- [] Delta\n1. [ ] Epsilon\nplain tail","status":"open","priority":2,"issue_type":"task","created_at":"2026-01-01T10:00:06Z","created_by":"tester","updated_at":"2026-01-02T03:04:05Z","source_repo":"proj","source_repo_path":"/mnt/proj","compaction_level":0,"original_size":0}
{"id":"proj-mkh","title":"Already finished work","status":"closed","priority":2,"issue_type":"task","created_at":"2026-01-01T10:00:07Z","created_by":"tester","updated_at":"2026-01-01T13:00:00Z","closed_at":"2026-01-01T13:00:00Z","close_reason":"Done before the fixture","source_repo":"proj","source_repo_path":"/mnt/proj","compaction_level":0,"original_size":0}
{"id":"proj-mta","title":"Set up database schema","description":"Create the initial tables.","status":"open","priority":1,"issue_type":"task","created_at":"2026-01-01T10:00:00Z","created_by":"tester","updated_at":"2026-01-01T10:00:00Z","source_repo":"proj","source_repo_path":"/mnt/proj","compaction_level":0,"original_size":0,"labels":["backend","db"]}
{"id":"proj-ptp","title":"Fix login timeout","status":"in_progress","priority":0,"issue_type":"bug","assignee":"bob","created_at":"2026-01-01T10:00:02Z","created_by":"tester","updated_at":"2026-01-01T12:30:00Z","source_repo":"proj","source_repo_path":"/mnt/proj","compaction_level":0,"original_size":0,"comments":[{"id":1,"issue_id":"proj-ptp","author":"tester","text":"Reproduced on staging.","created_at":"2026-01-01T12:30:00Z"}]}
{"id":"proj-uly","title":"Auth epic","status":"open","priority":2,"issue_type":"epic","created_at":"2026-01-01T10:00:04Z","created_by":"tester","updated_at":"2026-01-01T10:00:04Z","source_repo":"proj","source_repo_path":"/mnt/proj","compaction_level":0,"original_size":0}
[exit 0]
$ ["update", "proj-b75", "--check-acceptance", "0"]
[exit 4]
$ ["update", "proj-b75", "--check-acceptance", "2,x"]
[exit 4]
$ ["update", "proj-b75", "--add-acceptance", "New one", "--json"]
[{"id":"proj-b75","title":"Ünïcödé title — “quotes” & <tags> \\ backslash","status":"open","priority":2,"assignee":null,"owner":null,"updated_at":"2026-01-02T03:04:05Z","acceptance_criteria":{"items":[{"index":1,"text":"Alpha","checked":true},{"index":2,"text":"Beta","checked":false},{"index":3,"text":"Gamma nested","checked":true},{"index":4,"text":"New one","checked":false}],"checked_count":2,"total":4,"remaining":2,"checked":[],"unchecked":[],"added":[4]}}]
--- .beads/issues.jsonl ---
{"id":"proj-170","title":"Implement user auth","status":"open","priority":1,"issue_type":"feature","assignee":"alice","created_at":"2026-01-01T10:00:01Z","created_by":"tester","updated_at":"2026-01-01T11:00:00Z","source_repo":"proj","source_repo_path":"/mnt/proj","compaction_level":0,"original_size":0,"labels":["auth","backend"],"dependencies":[{"issue_id":"proj-170","depends_on_id":"proj-mta","type":"blocks","created_at":"2026-01-01T11:00:00Z","created_by":"tester","metadata":"{}","thread_id":""},{"issue_id":"proj-170","depends_on_id":"proj-uly","type":"parent-child","created_at":"2026-01-01T11:00:00Z","created_by":"tester","metadata":"{}","thread_id":""}]}
{"id":"proj-5u2","title":"Write API docs","status":"open","priority":3,"issue_type":"docs","created_at":"2026-01-01T10:00:03Z","created_by":"tester","updated_at":"2026-01-01T11:00:00Z","source_repo":"proj","source_repo_path":"/mnt/proj","compaction_level":0,"original_size":0,"dependencies":[{"issue_id":"proj-5u2","depends_on_id":"proj-170","type":"related","created_at":"2026-01-01T11:00:00Z","created_by":"tester","metadata":"{}","thread_id":""}]}
{"id":"proj-7vm","title":"Refactor config loader","status":"deferred","priority":4,"issue_type":"chore","created_at":"2026-01-01T10:00:05Z","created_by":"tester","updated_at":"2026-01-01T14:00:00Z","defer_until":"2027-06-01T09:00:00Z","source_repo":"proj","source_repo_path":"/mnt/proj","compaction_level":0,"original_size":0}
{"id":"proj-b75","title":"Ünïcödé title — “quotes” & <tags> \\ backslash","description":"Line one\nLine two\ttabbed","acceptance_criteria":"Intro line\n- [x] Alpha\n* [ ] Beta\n  - [x] Gamma nested\n- [] Delta\n1. [ ] Epsilon\nplain tail\n- [ ] New one","status":"open","priority":2,"issue_type":"task","created_at":"2026-01-01T10:00:06Z","created_by":"tester","updated_at":"2026-01-02T03:04:05Z","source_repo":"proj","source_repo_path":"/mnt/proj","compaction_level":0,"original_size":0}
{"id":"proj-mkh","title":"Already finished work","status":"closed","priority":2,"issue_type":"task","created_at":"2026-01-01T10:00:07Z","created_by":"tester","updated_at":"2026-01-01T13:00:00Z","closed_at":"2026-01-01T13:00:00Z","close_reason":"Done before the fixture","source_repo":"proj","source_repo_path":"/mnt/proj","compaction_level":0,"original_size":0}
{"id":"proj-mta","title":"Set up database schema","description":"Create the initial tables.","status":"open","priority":1,"issue_type":"task","created_at":"2026-01-01T10:00:00Z","created_by":"tester","updated_at":"2026-01-01T10:00:00Z","source_repo":"proj","source_repo_path":"/mnt/proj","compaction_level":0,"original_size":0,"labels":["backend","db"]}
{"id":"proj-ptp","title":"Fix login timeout","status":"in_progress","priority":0,"issue_type":"bug","assignee":"bob","created_at":"2026-01-01T10:00:02Z","created_by":"tester","updated_at":"2026-01-01T12:30:00Z","source_repo":"proj","source_repo_path":"/mnt/proj","compaction_level":0,"original_size":0,"comments":[{"id":1,"issue_id":"proj-ptp","author":"tester","text":"Reproduced on staging.","created_at":"2026-01-01T12:30:00Z"}]}
{"id":"proj-uly","title":"Auth epic","status":"open","priority":2,"issue_type":"epic","created_at":"2026-01-01T10:00:04Z","created_by":"tester","updated_at":"2026-01-01T10:00:04Z","source_repo":"proj","source_repo_path":"/mnt/proj","compaction_level":0,"original_size":0}
[exit 0]
$ ["update", "proj-b75", "--uncheck-acceptance", "1", "--uncheck-acceptance", "Gamma"]
Updated proj-b75: Ünïcödé title — “quotes” & <tags> \ backslash
proj-b75 acceptance criteria (4 items)
  [ ] 1  Alpha
  [ ] 2  Beta
  [ ] 3  Gamma nested
  [ ] 4  New one
unchecked 2 (1,3) · 0 of 4 complete · 4 remaining
--- .beads/issues.jsonl ---
{"id":"proj-170","title":"Implement user auth","status":"open","priority":1,"issue_type":"feature","assignee":"alice","created_at":"2026-01-01T10:00:01Z","created_by":"tester","updated_at":"2026-01-01T11:00:00Z","source_repo":"proj","source_repo_path":"/mnt/proj","compaction_level":0,"original_size":0,"labels":["auth","backend"],"dependencies":[{"issue_id":"proj-170","depends_on_id":"proj-mta","type":"blocks","created_at":"2026-01-01T11:00:00Z","created_by":"tester","metadata":"{}","thread_id":""},{"issue_id":"proj-170","depends_on_id":"proj-uly","type":"parent-child","created_at":"2026-01-01T11:00:00Z","created_by":"tester","metadata":"{}","thread_id":""}]}
{"id":"proj-5u2","title":"Write API docs","status":"open","priority":3,"issue_type":"docs","created_at":"2026-01-01T10:00:03Z","created_by":"tester","updated_at":"2026-01-01T11:00:00Z","source_repo":"proj","source_repo_path":"/mnt/proj","compaction_level":0,"original_size":0,"dependencies":[{"issue_id":"proj-5u2","depends_on_id":"proj-170","type":"related","created_at":"2026-01-01T11:00:00Z","created_by":"tester","metadata":"{}","thread_id":""}]}
{"id":"proj-7vm","title":"Refactor config loader","status":"deferred","priority":4,"issue_type":"chore","created_at":"2026-01-01T10:00:05Z","created_by":"tester","updated_at":"2026-01-01T14:00:00Z","defer_until":"2027-06-01T09:00:00Z","source_repo":"proj","source_repo_path":"/mnt/proj","compaction_level":0,"original_size":0}
{"id":"proj-b75","title":"Ünïcödé title — “quotes” & <tags> \\ backslash","description":"Line one\nLine two\ttabbed","acceptance_criteria":"Intro line\n- [ ] Alpha\n* [ ] Beta\n  - [ ] Gamma nested\n- [] Delta\n1. [ ] Epsilon\nplain tail\n- [ ] New one","status":"open","priority":2,"issue_type":"task","created_at":"2026-01-01T10:00:06Z","created_by":"tester","updated_at":"2026-01-02T03:04:05Z","source_repo":"proj","source_repo_path":"/mnt/proj","compaction_level":0,"original_size":0}
{"id":"proj-mkh","title":"Already finished work","status":"closed","priority":2,"issue_type":"task","created_at":"2026-01-01T10:00:07Z","created_by":"tester","updated_at":"2026-01-01T13:00:00Z","closed_at":"2026-01-01T13:00:00Z","close_reason":"Done before the fixture","source_repo":"proj","source_repo_path":"/mnt/proj","compaction_level":0,"original_size":0}
{"id":"proj-mta","title":"Set up database schema","description":"Create the initial tables.","status":"open","priority":1,"issue_type":"task","created_at":"2026-01-01T10:00:00Z","created_by":"tester","updated_at":"2026-01-01T10:00:00Z","source_repo":"proj","source_repo_path":"/mnt/proj","compaction_level":0,"original_size":0,"labels":["backend","db"]}
{"id":"proj-ptp","title":"Fix login timeout","status":"in_progress","priority":0,"issue_type":"bug","assignee":"bob","created_at":"2026-01-01T10:00:02Z","created_by":"tester","updated_at":"2026-01-01T12:30:00Z","source_repo":"proj","source_repo_path":"/mnt/proj","compaction_level":0,"original_size":0,"comments":[{"id":1,"issue_id":"proj-ptp","author":"tester","text":"Reproduced on staging.","created_at":"2026-01-01T12:30:00Z"}]}
{"id":"proj-uly","title":"Auth epic","status":"open","priority":2,"issue_type":"epic","created_at":"2026-01-01T10:00:04Z","created_by":"tester","updated_at":"2026-01-01T10:00:04Z","source_repo":"proj","source_repo_path":"/mnt/proj","compaction_level":0,"original_size":0}
[exit 0]
$ ["show", "proj-b75", "--json"]
[{"id":"proj-b75","title":"Ünïcödé title — “quotes” & <tags> \\ backslash","description":"Line one\nLine two\ttabbed","acceptance_criteria":"Intro line\n- [ ] Alpha\n* [ ] Beta\n  - [ ] Gamma nested\n- [] Delta\n1. [ ] Epsilon\nplain tail\n- [ ] New one","status":"open","priority":2,"issue_type":"task","created_at":"2026-01-01T10:00:06Z","created_by":"tester","updated_at":"2026-01-02T03:04:05Z","source_repo":"proj","source_repo_path":"/mnt/proj","compaction_level":0,"original_size":0,"acceptance_items":[{"index":1,"text":"Alpha","checked":false},{"index":2,"text":"Beta","checked":false},{"index":3,"text":"Gamma nested","checked":false},{"index":4,"text":"New one","checked":false}]}]
[exit 0]
