List ready issues (open, unblocked, not deferred)

Usage: br ready [OPTIONS]

Options:
      --limit <LIMIT>                Maximum number of issues to return (0 = unlimited; default: unlimited — the full ready set) [default: 0]
      --assignee [<ASSIGNEE>]        Filter by assignee (no value = current actor)
      --unassigned                   Show only unassigned issues
  -l, --label <LABEL>                Filter by label (AND logic, can be repeated)
      --label-any <LABEL_ANY>        Filter by label (OR logic, can be repeated)
  -t, --type <TYPE>                  Filter by issue type (can be repeated)
  -p, --priority <PRIORITY>          Filter by priority: 0-4 or P0-P4, ranges like 0-1, comma lists; repeatable
      --sort <SORT>                  Sort policy: hybrid (default), priority, oldest [default: hybrid] [possible values: hybrid, priority, oldest]
      --include-deferred             Include deferred issues
      --parent <PARENT>              Filter to children of this parent issue ID
  -r, --recursive                    Include all descendants (grandchildren, etc.) with --parent
      --epic <EPIC>                  Scope to an epic: ready issues anywhere beneath the given epic/parent ID (sugar for `--parent <id> --recursive`, depth-unbounded and cycle-safe). Composes with --label/--type/--priority/--limit
      --wrap                         Wrap long lines instead of truncating in text output
      --format <FORMAT>              Output format (text, json, toon). Env: BR_OUTPUT_FORMAT, TOON_DEFAULT_FORMAT [possible values: text, json, toon]
      --stats                        Show token savings stats when using TOON output
      --robot                        Machine-readable output (alias for --json)
      --db <DB>                      Database path (auto-discover .beads/*.db if not set; env: BEADS_DB)
      --actor <ACTOR>                Actor name for audit trail
      --json                         Output as JSON
      --no-daemon                    Force direct mode (no daemon) - effectively no-op in br v1
      --no-auto-flush                Skip auto JSONL export
      --no-auto-import               Skip auto import check
      --allow-stale                  Allow stale DB (bypass freshness check warning)
      --lock-timeout <LOCK_TIMEOUT>  `SQLite` busy/write-lock timeout in ms
      --no-db                        JSONL-only mode (no DB connection)
  -v, --verbose...                   Increase logging verbosity (-v, -vv)
  -q, --quiet                        Quiet mode (no output except errors)
      --no-color                     Disable colored output
  -h, --help                         Print help (see more with '--help')
