Close an issue

Usage: br close [OPTIONS] [IDS]...

Arguments:
  [IDS]...  Issue IDs to close (uses last-touched if empty)

Options:
  -r, --reason <REASON>               Close reason
      --transition-comment <COMMENT>  New comment committed atomically with each close transition. This is distinct from close metadata in `--reason`
  -f, --force                         Close even if blocked by open dependencies
      --suggest-next                  After closing, return newly unblocked issues (single ID only)
      --session <SESSION>             Session ID for tracking
      --robot                         Machine-readable output (alias for --json)
      --agent-name <NAME>             Tier 1 attribution: agent name (env: BR_AGENT_NAME) [env: BR_AGENT_NAME=]
      --harness <HARNESS>             Tier 1 attribution: harness identifier (env: BR_HARNESS) [env: BR_HARNESS=]
      --model <MODEL>                 Tier 1 attribution: model identifier (env: BR_MODEL) [env: BR_MODEL=]
      --bypass-policy                 Bypass closure-time policy gates. Requires `--bypass-reason`. Only honoured when `.beads/policy.yaml` has `allow_bypass: true` (which is the default)
      --bypass-reason <REASON>        Reason for bypassing policy gates. Required when `--bypass-policy` is set
      --db <DB>                       Database path (auto-discover .beads/*.db if not set; env: BEADS_DB)
      --actor <ACTOR>                 Actor name for audit trail
      --json                          Output as JSON
      --no-daemon                     Force direct mode (no daemon) - effectively no-op in br v1
      --no-auto-flush                 Skip auto JSONL export
      --no-auto-import                Skip auto import check
      --allow-stale                   Allow stale DB (bypass freshness check warning)
      --lock-timeout <LOCK_TIMEOUT>   `SQLite` busy/write-lock timeout in ms
      --no-db                         JSONL-only mode (no DB connection)
  -v, --verbose...                    Increase logging verbosity (-v, -vv)
  -q, --quiet                         Quiet mode (no output except errors)
      --no-color                      Disable colored output
  -h, --help                          Print help
