List blocked issues

Usage: br blocked [OPTIONS]

Options:
      --limit <LIMIT>
          Maximum number of issues to return (default: 50, 0 = unlimited)
          
          [default: 50]

      --detailed
          Include full blocker details in text output

      --wrap
          Wrap long lines instead of truncating in text output

  -t, --type <TYPE>
          Filter by issue type (can be repeated)

  -p, --priority <PRIORITY>
          Filter by priority (can be repeated, 0-4)

  -l, --label <LABEL>
          Filter by label (AND logic, can be repeated)

      --format <FORMAT>
          Output format (text, json, toon). Env: BR_OUTPUT_FORMAT, TOON_DEFAULT_FORMAT

          Possible values:
          - text: Human-readable text (default)
          - json: JSON output
          - toon: TOON format (token-optimized object notation)

      --stats
          Show token savings stats when using TOON output

      --robot
          Machine-readable output (alias for --json)

      --db <DB>
          Database path (auto-discover .beads/*.db if not set; env: BEADS_DB)

      --actor <ACTOR>
          Actor name for audit trail

      --json
          Output as JSON

      --no-daemon
          Force direct mode (no daemon) - effectively no-op in br v1

      --no-auto-flush
          Skip auto JSONL export

      --no-auto-import
          Skip auto import check

      --allow-stale
          Allow stale DB (bypass freshness check warning)

      --lock-timeout <LOCK_TIMEOUT>
          `SQLite` busy/write-lock timeout in ms

      --no-db
          JSONL-only mode (no DB connection)

  -v, --verbose...
          Increase logging verbosity (-v, -vv)

  -q, --quiet
          Quiet mode (no output except errors)

      --no-color
          Disable colored output

  -h, --help
          Print help (see a summary with '-h')
